Component: ARM Compiler 5.06 update 6 (build 750) Tool: armlink [4d35ed]

==============================================================================

Section Cross References

    startup_stm32f103xb.o(STACK) refers (Special) to heapauxi.o(.text) for __use_two_region_memory
    startup_stm32f103xb.o(HEAP) refers (Special) to heapauxi.o(.text) for __use_two_region_memory
    startup_stm32f103xb.o(RESET) refers (Special) to heapauxi.o(.text) for __use_two_region_memory
    startup_stm32f103xb.o(RESET) refers to startup_stm32f103xb.o(STACK) for __initial_sp
    startup_stm32f103xb.o(RESET) refers to startup_stm32f103xb.o(.text) for Reset_Handler
    startup_stm32f103xb.o(RESET) refers to stm32f1xx_it.o(i.NMI_Handler) for NMI_Handler
    startup_stm32f103xb.o(RESET) refers to stm32f1xx_it.o(i.HardFault_Handler) for HardFault_Handler
    startup_stm32f103xb.o(RESET) refers to stm32f1xx_it.o(i.MemManage_Handler) for MemManage_Handler
    startup_stm32f103xb.o(RESET) refers to stm32f1xx_it.o(i.BusFault_Handler) for BusFault_Handler
    startup_stm32f103xb.o(RESET) refers to stm32f1xx_it.o(i.UsageFault_Handler) for UsageFault_Handler
    startup_stm32f103xb.o(RESET) refers to stm32f1xx_it.o(i.SVC_Handler) for SVC_Handler
    startup_stm32f103xb.o(RESET) refers to stm32f1xx_it.o(i.DebugMon_Handler) for DebugMon_Handler
    startup_stm32f103xb.o(RESET) refers to stm32f1xx_it.o(i.PendSV_Handler) for PendSV_Handler
    startup_stm32f103xb.o(RESET) refers to stm32f1xx_it.o(i.SysTick_Handler) for SysTick_Handler
    startup_stm32f103xb.o(RESET) refers to stm32f1xx_it.o(i.DMA1_Channel5_IRQHandler) for DMA1_Channel5_IRQHandler
    startup_stm32f103xb.o(RESET) refers to stm32f1xx_it.o(i.USART1_IRQHandler) for USART1_IRQHandler
    startup_stm32f103xb.o(.text) refers (Special) to heapauxi.o(.text) for __use_two_region_memory
    startup_stm32f103xb.o(.text) refers to system_stm32f1xx.o(i.SystemInit) for SystemInit
    startup_stm32f103xb.o(.text) refers to __main.o(!!!main) for __main
    startup_stm32f103xb.o(.text) refers to startup_stm32f103xb.o(HEAP) for Heap_Mem
    startup_stm32f103xb.o(.text) refers to startup_stm32f103xb.o(STACK) for Stack_Mem
    main.o(i.ACS712_Calibrate) refers to _printf_percent.o(.ARM.Collect$$_printf_percent$$00000000) for _printf_percent
    main.o(i.ACS712_Calibrate) refers to _printf_f.o(.ARM.Collect$$_printf_percent$$00000003) for _printf_f
    main.o(i.ACS712_Calibrate) refers to printf1.o(x$fpl$printf1) for _printf_fp_dec
    main.o(i.ACS712_Calibrate) refers to main.o(i.ADC_Read) for ADC_Read
    main.o(i.ACS712_Calibrate) refers to dflt_clz.o(x$fpl$dfltu) for __aeabi_ui2d
    main.o(i.ACS712_Calibrate) refers to dmul.o(x$fpl$dmul) for __aeabi_dmul
    main.o(i.ACS712_Calibrate) refers to ddiv.o(x$fpl$ddiv) for __aeabi_ddiv
    main.o(i.ACS712_Calibrate) refers to d2f.o(x$fpl$d2f) for __aeabi_d2f
    main.o(i.ACS712_Calibrate) refers to faddsub_clz.o(x$fpl$fadd) for __aeabi_fadd
    main.o(i.ACS712_Calibrate) refers to stm32f1xx_hal.o(i.HAL_Delay) for HAL_Delay
    main.o(i.ACS712_Calibrate) refers to fdiv.o(x$fpl$fdiv) for __aeabi_fdiv
    main.o(i.ACS712_Calibrate) refers to f2d.o(x$fpl$f2d) for __aeabi_f2d
    main.o(i.ACS712_Calibrate) refers to noretval__2printf.o(.text) for __2printf
    main.o(i.ACS712_Calibrate) refers to main.o(.data) for .data
    main.o(i.ADC_Read) refers to stm32f1xx_hal_adc.o(i.HAL_ADC_Start) for HAL_ADC_Start
    main.o(i.ADC_Read) refers to stm32f1xx_hal_adc.o(i.HAL_ADC_PollForConversion) for HAL_ADC_PollForConversion
    main.o(i.ADC_Read) refers to stm32f1xx_hal_adc.o(i.HAL_ADC_GetValue) for HAL_ADC_GetValue
    main.o(i.ADC_Read) refers to stm32f1xx_hal_adc.o(i.HAL_ADC_Stop) for HAL_ADC_Stop
    main.o(i.ADC_Read) refers to main.o(.bss) for .bss
    main.o(i.Calculate_DC_Power) refers to fmul.o(x$fpl$fmul) for __aeabi_fmul
    main.o(i.Calculate_Power) refers to f2d.o(x$fpl$f2d) for __aeabi_f2d
    main.o(i.Calculate_Power) refers to dmul.o(x$fpl$dmul) for __aeabi_dmul
    main.o(i.Calculate_Power) refers to d2f.o(x$fpl$d2f) for __aeabi_d2f
    main.o(i.Filter_Current) refers to fmul.o(x$fpl$fmul) for __aeabi_fmul
    main.o(i.Filter_Current) refers to faddsub_clz.o(x$fpl$fadd) for __aeabi_fadd
    main.o(i.Filter_Current) refers to main.o(.data) for .data
    main.o(i.MX_ADC1_Init) refers to stm32f1xx_hal_adc.o(i.HAL_ADC_Init) for HAL_ADC_Init
    main.o(i.MX_ADC1_Init) refers to stm32f1xx_hal_adc.o(i.HAL_ADC_ConfigChannel) for HAL_ADC_ConfigChannel
    main.o(i.MX_ADC1_Init) refers to main.o(.bss) for .bss
    main.o(i.MX_GPIO_Init) refers to stm32f1xx_hal_gpio.o(i.HAL_GPIO_WritePin) for HAL_GPIO_WritePin
    main.o(i.MX_GPIO_Init) refers to stm32f1xx_hal_gpio.o(i.HAL_GPIO_Init) for HAL_GPIO_Init
    main.o(i.Read_AC) refers to main.o(i.ADC_Read) for ADC_Read
    main.o(i.Read_AC) refers to dflt_clz.o(x$fpl$dfltu) for __aeabi_ui2d
    main.o(i.Read_AC) refers to dmul.o(x$fpl$dmul) for __aeabi_dmul
[...]
    .text                                    0x080001b8   Section       64  startup_stm32f103xb.o(.text)
    .text                                    0x080001f8   Section        0  noretval__2printf.o(.text)
    .text                                    0x08000210   Section        0  noretval__2sprintf.o(.text)
    .text                                    0x08000238   Section        0  _printf_str.o(.text)
    .text                                    0x0800028a   Section        0  __printf_wp.o(.text)
    .text                                    0x08000398   Section        0  strlen.o(.text)
    .text                                    0x080003d6   Section       78  rt_memclr_w.o(.text)
    .text                                    0x08000424   Section        0  heapauxi.o(.text)
    .text                                    0x0800042a   Section        0  _rserrno.o(.text)
    .text                                    0x08000440   Section        0  _printf_fp_dec.o(.text)
    _fp_digits                               0x08000443   Thumb Code   432  _printf_fp_dec.o(.text)
    .text                                    0x08000860   Section        0  _printf_char_common.o(.text)
    _printf_input_char                       0x08000861   Thumb Code    10  _printf_char_common.o(.text)
    .text                                    0x08000890   Section        0  _sputc.o(.text)
    .text                                    0x0800089a   Section        0  _printf_char.o(.text)
    .text                                    0x080008c8   Section        0  _printf_char_file.o(.text)
    .text                                    0x080008ec   Section        8  rt_locale_intlibspace.o(.text)
    .text                                    0x080008f4   Section        8  rt_errno_addr_intlibspace.o(.text)
    .text                                    0x080008fc   Section      138  lludiv10.o(.text)
    .text                                    0x08000988   Section        0  _printf_fp_infnan.o(.text)
    .text                                    0x08000a08   Section        0  bigflt0.o(.text)
    .text                                    0x08000aec   Section        0  ferror.o(.text)
    .text                                    0x08000af4   Section        0  initio.o(.text)
    .text                                    0x08000c2c   Section        0  sys_io.o(.text)
    .text                                    0x08000c94   Section        8  libspace.o(.text)
    .text                                    0x08000c9c   Section       74  sys_stackheap_outer.o(.text)
    .text                                    0x08000ce6   Section        0  h1_free.o(.text)
    .text                                    0x08000d34   Section        0  flsbuf.o(.text)
    .text                                    0x08000f0a   Section        0  setvbuf.o(.text)
    .text                                    0x08000f50   Section        0  fopen.o(.text)
    _freopen_locked                          0x08000f51   Thumb Code     0  fopen.o(.text)
    .text                                    0x0800103c   Section        0  fclose.o(.text)
    .text                                    0x08001088   Section        0  exit.o(.text)
    .text                                    0x0800109a   Section        0  defsig_rtred_outer.o(.text)
    .text                                    0x080010a8   Section      128  strcmpv7m.o(.text)
    .text                                    0x08001128   Section        2  use_no_semi.o(.text)
    .text                                    0x0800112a   Section        0  indicate_semi.o(.text)
    .text                                    0x0800112c   Section        8  rt_heap_descriptor_intlibspace.o(.text)
    .text                                    0x08001134   Section        0  hguard.o(.text)
    .text                                    0x08001138   Section        0  init_alloc.o(.text)
    .text                                    0x080011c2   Section        0  h1_alloc.o(.text)
    .text                                    0x08001220   Section        0  fseek.o(.text)
    .text                                    0x08001318   Section        0  stdio.o(.text)
    .text                                    0x08001408   Section        0  defsig_exit.o(.text)
    .text                                    0x08001414   Section        0  defsig_rtred_inner.o(.text)
    .text                                    0x08001448   Section        0  sys_exit.o(.text)
    .text                                    0x08001454   Section        0  h1_init.o(.text)
    .text                                    0x08001462   Section        0  h1_extend.o(.text)
    .text                                    0x08001496   Section        0  ftell.o(.text)
    .text                                    0x080014d8   Section        0  defsig_general.o(.text)
    .text                                    0x0800150a   Section        0  defsig_rtmem_outer.o(.text)
    .text                                    0x08001518   Section        0  sys_wrch.o(.text)
    .text                                    0x08001528   Section        0  defsig_rtmem_inner.o(.text)
    CL$$btod_d2e                             0x08001578   Section       62  btod.o(CL$$btod_d2e)
    CL$$btod_d2e_denorm_low                  0x080015b6   Section       70  btod.o(CL$$btod_d2e_denorm_low)
    CL$$btod_d2e_norm_op1                    0x080015fc   Section       96  btod.o(CL$$btod_d2e_norm_op1)
    CL$$btod_div_common                      0x0800165c   Section      824  btod.o(CL$$btod_div_common)
    CL$$btod_e2e                             0x08001994   Section      220  btod.o(CL$$btod_e2e)
    CL$$btod_ediv                            0x08001a70   Section       42  btod.o(CL$$btod_ediv)
    CL$$btod_emul                            0x08001a9a   Section       42  btod.o(CL$$btod_emul)
    CL$$btod_mult_common                     0x08001ac4   Section      580  btod.o(CL$$btod_mult_common)
    i.ACS712_Calibrate                       0x08001d08   Section        0  main.o(i.ACS712_Calibrate)
    i.ADC_ConversionStop_Disable             0x08001d94   Section        0  stm32f1xx_hal_adc.o(i.ADC_ConversionStop_Disable)
    i.ADC_Enable                             0x08001dec   Section        0  stm32f1xx_hal_adc.o(i.ADC_Enable)
    i.ADC_Read                               0x08001e68   Section        0  main.o(i.ADC_Read)
    i.BusFault_Handler                       0x08001e90   Section        0  stm32f1xx_it.o(i.BusFault_Handler)
    i.Calculate_Power                        0x08001e94   Section        0  main.o(i.Calculate_Power)
    i.DMA1_Channel5_IRQHandler               0x08001ec0   Section        0  stm32f1xx_it.o(i.DMA1_Channel5_IRQHandler)
    i.DebugMon_Handler                       0x08001ecc   Section        0  stm32f1xx_it.o(i.DebugMon_Handler)
    i.Error_Handler                          0x08001ece   Section        0  main.o(i.Error_Handler)
    i.HAL_ADC_ConfigChannel                  0x08001ed4   Section        0  stm32f1xx_hal_adc.o(i.HAL_ADC_ConfigChannel)
    i.HAL_ADC_GetValue                       0x08001fd0   Section        0  stm32f1xx_hal_adc.o(i.HAL_ADC_GetValue)
    i.HAL_ADC_Init                           0x08001fd8   Section        0  stm32f1xx_hal_adc.o(i.HAL_ADC_Init)
    i.HAL_ADC_MspInit                        0x080020f4   Section        0  stm32f1xx_hal_msp.o(i.HAL_ADC_MspInit)
    i.HAL_ADC_PollForConversion              0x0800214c   Section        0  stm32f1xx_hal_adc.o(i.HAL_ADC_PollForConversion)
    i.HAL_ADC_Start                          0x08002288   Section        0  stm32f1xx_hal_adc.o(i.HAL_ADC_Start)
    i.HAL_ADC_Stop                           0x08002348   Section        0  stm32f1xx_hal_adc.o(i.HAL_ADC_Stop)
    i.HAL_DMA_Abort                          0x0800237c   Section        0  stm32f1xx_hal_dma.o(i.HAL_DMA_Abort)
    i.HAL_DMA_Abort_IT                       0x080023c4   Section        0  stm32f1xx_hal_dma.o(i.HAL_DMA_Abort_IT)
    i.HAL_DMA_IRQHandler                     0x0800245c   Section        0  stm32f1xx_hal_dma.o(i.HAL_DMA_IRQHandler)
    i.HAL_DMA_Init                           0x080025b0   Section        0  stm32f1xx_hal_dma.o(i.HAL_DMA_Init)
    i.HAL_Delay                              0x0800260c   Section        0  stm32f1xx_hal.o(i.HAL_Delay)
    i.HAL_GPIO_Init                          0x08002630   Section        0  stm32f1xx_hal_gpio.o(i.HAL_GPIO_Init)
    i.HAL_GPIO_WritePin                      0x08002810   Section        0  stm32f1xx_hal_gpio.o(i.HAL_GPIO_WritePin)
    i.HAL_GetTick                            0x0800281c   Section        0  stm32f1xx_hal.o(i.HAL_GetTick)
    i.HAL_IncTick                            0x08002828   Section        0  stm32f1xx_hal.o(i.HAL_IncTick)
    i.HAL_Init                               0x08002838   Section        0  stm32f1xx_hal.o(i.HAL_Init)
    i.HAL_InitTick                           0x0800285c   Section        0  stm32f1xx_hal.o(i.HAL_InitTick)
    i.HAL_MspInit                            0x0800289c   Section        0  stm32f1xx_hal_msp.o(i.HAL_MspInit)
    i.HAL_NVIC_EnableIRQ                     0x080028d8   Section        0  stm32f1xx_hal_cortex.o(i.HAL_NVIC_EnableIRQ)
    i.HAL_NVIC_SetPriority                   0x080028f4   Section        0  stm32f1xx_hal_cortex.o(i.HAL_NVIC_SetPriority)
    i.HAL_NVIC_SetPriorityGrouping           0x08002934   Section        0  stm32f1xx_hal_cortex.o(i.HAL_NVIC_SetPriorityGrouping)
    i.HAL_RCCEx_GetPeriphCLKFreq             0x08002958   Section        0  stm32f1xx_hal_rcc_ex.o(i.HAL_RCCEx_GetPeriphCLKFreq)
    i.HAL_RCCEx_PeriphCLKConfig              0x080029fc   Section        0  stm32f1xx_hal_rcc_ex.o(i.HAL_RCCEx_PeriphCLKConfig)
    i.HAL_RCC_ClockConfig                    0x08002ae8   Section        0  stm32f1xx_hal_rcc.o(i.HAL_RCC_ClockConfig)
    i.HAL_RCC_GetPCLK1Freq                   0x08002c14   Section        0  stm32f1xx_hal_rcc.o(i.HAL_RCC_GetPCLK1Freq)
    i.HAL_RCC_GetPCLK2Freq                   0x08002c34   Section        0  stm32f1xx_hal_rcc.o(i.HAL_RCC_GetPCLK2Freq)
    i.HAL_RCC_GetSysClockFreq                0x08002c54   Section        0  stm32f1xx_hal_rcc.o(i.HAL_RCC_GetSysClockFreq)
    i.HAL_RCC_OscConfig                      0x08002ca0   Section        0  stm32f1xx_hal_rcc.o(i.HAL_RCC_OscConfig)
    i.HAL_SYSTICK_Config                     0x08002fc0   Section        0  stm32f1xx_hal_cortex.o(i.HAL_SYSTICK_Config)
    i.HAL_UARTEx_RxEventCallback             0x08002fe8   Section        0  stm32f1xx_hal_uart.o(i.HAL_UARTEx_RxEventCallback)
    i.HAL_UART_ErrorCallback                 0x08002fea   Section        0  stm32f1xx_hal_uart.o(i.HAL_UART_ErrorCallback)
    i.HAL_UART_IRQHandler                    0x08002fec   Section        0  stm32f1xx_hal_uart.o(i.HAL_UART_IRQHandler)
    i.HAL_UART_Init                          0x08003258   Section        0  stm32f1xx_hal_uart.o(i.HAL_UART_Init)
    i.HAL_UART_MspInit                       0x080032bc   Section        0  stm32f1xx_hal_msp.o(i.HAL_UART_MspInit)
    i.HAL_UART_RxCpltCallback                0x0800336c   Section        0  stm32f1xx_hal_uart.o(i.HAL_UART_RxCpltCallback)
    i.HAL_UART_Transmit                      0x0800336e   Section        0  stm32f1xx_hal_uart.o(i.HAL_UART_Transmit)
    i.HAL_UART_TxCpltCallback                0x0800340e   Section        0  stm32f1xx_hal_uart.o(i.HAL_UART_TxCpltCallback)
    i.HardFault_Handler                      0x08003410   Section        0  stm32f1xx_it.o(i.HardFault_Handler)
    i.MX_ADC1_Init                           0x08003414   Section        0  main.o(i.MX_ADC1_Init)
    MX_ADC1_Init                             0x08003415   Thumb Code    70  main.o(i.MX_ADC1_Init)
    i.MX_GPIO_Init                           0x08003464   Section        0  main.o(i.MX_GPIO_Init)
    MX_GPIO_Init                             0x08003465   Thumb Code   104  main.o(i.MX_GPIO_Init)
    i.MemManage_Handler                      0x080034d4   Section        0  stm32f1xx_it.o(i.MemManage_Handler)
    i.NMI_Handler                            0x080034d6   Section        0  stm32f1xx_it.o(i.NMI_Handler)
    i.PendSV_Handler                         0x080034d8   Section        0  stm32f1xx_it.o(i.PendSV_Handler)
    i.Read_AC                                0x080034dc   Section        0  main.o(i.Read_AC)
    i.SVC_Handler                            0x080035a0   Section        0  stm32f1xx_it.o(i.SVC_Handler)
    i.Send_AC                                0x080035a4   Section        0  main.o(i.Send_AC)
    i.Send_AC_POWER                          0x080035ec   Section        0  main.o(i.Send_AC_POWER)
    i.SysTick_Handler                        0x08003634   Section        0  stm32f1xx_it.o(i.SysTick_Handler)
    i.SystemClock_Config                     0x08003638   Section        0  main.o(i.SystemClock_Config)
    i.SystemInit                             0x080036b0   Section        0  system_stm32f1xx.o(i.SystemInit)
    i.UART_DMAAbortOnError                   0x080036b2   Section        0  stm32f1xx_hal_uart.o(i.UART_DMAAbortOnError)
    UART_DMAAbortOnError                     0x080036b3   Thumb Code    16  stm32f1xx_hal_uart.o(i.UART_DMAAbortOnError)
    i.UART_EndRxTransfer                     0x080036c2   Section        0  stm32f1xx_hal_uart.o(i.UART_EndRxTransfer)
    UART_EndRxTransfer                       0x080036c3   Thumb Code    78  stm32f1xx_hal_uart.o(i.UART_EndRxTransfer)
    i.UART_Receive_IT                        0x08003710   Section        0  stm32f1xx_hal_uart.o(i.UART_Receive_IT)
    UART_Receive_IT                          0x08003711   Thumb Code   194  stm32f1xx_hal_uart.o(i.UART_Receive_IT)
    i.UART_SetConfig                         0x080037d4   Section        0  stm32f1xx_hal_uart.o(i.UART_SetConfig)
    UART_SetConfig                           0x080037d5   Thumb Code   178  stm32f1xx_hal_uart.o(i.UART_SetConfig)
    i.UART_WaitOnFlagUntilTimeout            0x0800388c   Section        0  stm32f1xx_hal_uart.o(i.UART_WaitOnFlagUntilTimeout)
    UART_WaitOnFlagUntilTimeout              0x0800388d   Thumb Code   114  stm32f1xx_hal_uart.o(i.UART_WaitOnFlagUntilTimeout)
    i.USART1_IRQHandler                      0x08003900   Section        0  stm32f1xx_it.o(i.USART1_IRQHandler)
    i.UsageFault_Handler                     0x0800390c   Section        0  stm32f1xx_it.o(i.UsageFault_Handler)
    i.__ARM_fpclassify                       0x0800390e   Section        0  fpclassify.o(i.__ARM_fpclassify)
    i.__NVIC_SetPriority                     0x08003936   Section        0  stm32f1xx_hal_cortex.o(i.__NVIC_SetPriority)
    __NVIC_SetPriority                       0x08003937   Thumb Code    32  stm32f1xx_hal_cortex.o(i.__NVIC_SetPriority)
    i._is_digit                              0x08003956   Section        0  __printf_wp.o(i._is_digit)
    i.fputc                                  0x08003964   Section        0  fputc.o(i.fputc)
    i.main                                   0x08003980   Section        0  main.o(i.main)
    i.sqrt                                   0x08003a10   Section        0  sqrt.o(i.sqrt)
    locale$$code                             0x08003a5c   Section       44  lc_numeric_c.o(locale$$code)
    x$fpl$d2f                                0x08003a88   Section       98  d2f.o(x$fpl$d2f)
    x$fpl$ddiv                               0x08003aec   Section      688  ddiv.o(x$fpl$ddiv)
    ddiv_entry                               0x08003af3   Thumb Code     0  ddiv.o(x$fpl$ddiv)
    x$fpl$dfltu                              0x08003d9c   Section       38  dflt_clz.o(x$fpl$dfltu)
    x$fpl$dmul                               0x08003dc4   Section      340  dmul.o(x$fpl$dmul)
    x$fpl$dnaninf                            0x08003f18   Section      156  dnaninf.o(x$fpl$dnaninf)
    x$fpl$dretinf                            0x08003fb4   Section       12  dretinf.o(x$fpl$dretinf)
    x$fpl$dsqrt                              0x08003fc0   Section      460  dsqrt_noumaal.o(x$fpl$dsqrt)
    x$fpl$f2d                                0x0800418c   Section       86  f2d.o(x$fpl$f2d)
    x$fpl$fadd                               0x080041e4   Section      196  faddsub_clz.o(x$fpl$fadd)
    _fadd1                                   0x080041f3   Thumb Code     0  faddsub_clz.o(x$fpl$fadd)
    x$fpl$fdiv                               0x080042a8   Section      388  fdiv.o(x$fpl$fdiv)
    _fdiv1                                   0x080042a9   Thumb Code     0  fdiv.o(x$fpl$fdiv)
    x$fpl$fmul                               0x0800442c   Section      258  fmul.o(x$fpl$fmul)
    x$fpl$fnaninf                            0x0800452e   Section      140  fnaninf.o(x$fpl$fnaninf)
    x$fpl$fretinf                            0x080045ba   Section       10  fretinf.o(x$fpl$fretinf)
    x$fpl$fsub                               0x080045c4   Section      234  faddsub_clz.o(x$fpl$fsub)
    _fsub1                                   0x080045d3   Thumb Code     0  faddsub_clz.o(x$fpl$fsub)
    x$fpl$printf1                            0x080046ae   Section        4  printf1.o(x$fpl$printf1)
    .constdata                               0x080046b2   Section       18  stm32f1xx_hal_rcc.o(.constdata)
    x$fpl$usenofp                            0x080046b2   Section        0  usenofp.o(x$fpl$usenofp)
    aPredivFactorTable                       0x080046b2   Data           2  stm32f1xx_hal_rcc.o(.constdata)
    aPLLMULFactorTable                       0x080046b4   Data          16  stm32f1xx_hal_rcc.o(.constdata)
    .constdata                               0x080046c4   Section       18  stm32f1xx_hal_rcc_ex.o(.constdata)
    aPredivFactorTable                       0x080046c4   Data           2  stm32f1xx_hal_rcc_ex.o(.constdata)
    aPLLMULFactorTable                       0x080046c6   Data          16  stm32f1xx_hal_rcc_ex.o(.constdata)
    .constdata                               0x080046d6   Section       16  system_stm32f1xx.o(.constdata)
    .constdata                               0x080046e6   Section        8  system_stm32f1xx.o(.constdata)
    .constdata                               0x080046f0   Section      148  bigflt0.o(.constdata)
    tenpwrs_x                                0x080046f0   Data          60  bigflt0.o(.constdata)
    tenpwrs_i                                0x0800472c   Data          64  bigflt0.o(.constdata)
    .constdata                               0x08004784   Section        4  sys_io.o(.constdata)
    .constdata                               0x08004788   Section        4  sys_io.o(.constdata)
    .constdata                               0x0800478c   Section        4  sys_io.o(.constdata)
    locale$$data                             0x080047b0   Section       28  lc_numeric_c.o(locale$$data)
    __lcnum_c_name                           0x080047b4   Data           2  lc_numeric_c.o(locale$$data)
    __lcnum_c_start                          0x080047bc   Data           0  lc_numeric_c.o(locale$$data)
    __lcnum_c_point                          0x080047c8   Data           0  lc_numeric_c.o(locale$$data)
    __lcnum_c_thousands                      0x080047ca   Data           0  lc_numeric_c.o(locale$$data)
    __lcnum_c_grouping                       0x080047cb   Data           0  lc_numeric_c.o(locale$$data)
    __lcnum_c_end                            0x080047cc   Data           0  lc_numeric_c.o(locale$$data)
    .data                                    0x20000000   Section       12  main.o(.data)
    last                                     0x20000008   Data           4  main.o(.data)
    .data                                    0x2000000c   Section       12  stm32f1xx_hal.o(.data)
    .data                                    0x20000018   Section        4  system_stm32f1xx.o(.data)
    .data                                    0x2000001c   Section        4  stdio_streams.o(.data)
    .data                                    0x20000020   Section        4  stdio_streams.o(.data)
    .data                                    0x20000024   Section        4  stdio_streams.o(.data)
    .bss                                     0x20000028   Section      120  main.o(.bss)
    .bss                                     0x200000a0   Section       68  main.o(.bss)
    .bss                                     0x200000e4   Section       84  stdio_streams.o(.bss)
    .bss                                     0x20000138   Section       84  stdio_streams.o(.bss)
    .bss                                     0x2000018c   Section       84  stdio_streams.o(.bss)
    .bss                                     0x200001e0   Section       96  libspace.o(.bss)
    HEAP                                     0x20000240   Section      512  startup_stm32f103xb.o(HEAP)
    Heap_Mem                                 0x20000240   Data         512  startup_stm32f103xb.o(HEAP)
    STACK                                    0x20000440   Section     1024  startup_stm32f103xb.o(STACK)
    Stack_Mem                                0x20000440   Data        1024  startup_stm32f103xb.o(STACK)
    __initial_sp                             0x20000840   Data           0  startup_stm32f103xb.o(STACK)

    Global Symbols

    Symbol Name                              Value     Ov Type        Size  Object(Section)

    BuildAttributes$$THM_ISAv4$P$D$K$B$S$PE$A:L22UL41UL21$X:L11$S22US41US21$IEEE1$IW$USESV6$~STKCKD$USESV7$~SHL$OTIME$ROPI$IEEEJ$EBA8$UX$STANDARDLIB$REQ8$PRES8$EABIv2 0x00000000   Number         0  anon$$obj.o ABSOLUTE
    __ARM_use_no_argv                        0x00000000   Number         0  main.o ABSOLUTE
    _printf_flags                            0x00000000   Number         0  printf_stubs.o ABSOLUTE
    _printf_return_value                     0x00000000   Number         0  printf_stubs.o ABSOLUTE
    _printf_sizespec                         0x00000000   Number         0  printf_stubs.o ABSOLUTE
    _printf_widthprec                        0x00000000   Number         0  printf_stubs.o ABSOLUTE
    __ARM_exceptions_init                     - Undefined Weak Reference
    __alloca_initialize                       - Undefined Weak Reference
    __arm_preinit_                            - Undefined Weak Reference
    __cpp_initialize__aeabi_                  - Undefined Weak Reference
    __cxa_finalize                            - Undefined Weak Reference
    __sigvec_lookup                           - Undefined Weak Reference
    __user_heap_extent                        - Undefined Weak Reference
    _atexit_init                              - Undefined Weak Reference
    _call_atexit_fns                          - Undefined Weak Reference
    _clock_init                               - Undefined Weak Reference
    _fp_trap_init                             - Undefined Weak Reference
    _fp_trap_shutdown                         - Undefined Weak Reference
    _get_lc_collate                           - Undefined Weak Reference
    _get_lc_ctype                             - Undefined Weak Reference
    _get_lc_monetary                          - Undefined Weak Reference
    _get_lc_time                              - Undefined Weak Reference
    _getenv_init                              - Undefined Weak Reference
    _handle_redirection                       - Undefined Weak Reference
    _mutex_acquire                            - Undefined Weak Reference
    _mutex_free                               - Undefined Weak Reference
    _mutex_release                            - Undefined Weak Reference
    _printf_mbtowc                            - Undefined Weak Reference
    _printf_post_padding                      - Undefined Weak Reference
    _printf_pre_padding                       - Undefined Weak Reference
    _rand_init                                - Undefined Weak Reference
    _signal_finish                            - Undefined Weak Reference
    _signal_init                              - Undefined Weak Reference
    __Vectors_Size                           0x000000ec   Number         0  startup_stm32f103xb.o ABSOLUTE
    __Vectors                                0x08000000   Data           4  startup_stm32f103xb.o(RESET)
    __Vectors_End                            0x080000ec   Data           0  startup_stm32f103xb.o(RESET)
    __main                                   0x080000ed   Thumb Code     8  __main.o(!!!main)
    __scatterload                            0x080000f5   Thumb Code     0  __scatter.o(!!!scatter)
    __scatterload_rt2                        0x080000f5   Thumb Code    44  __scatter.o(!!!scatter)
    __scatterload_rt2_thumb_only             0x080000f5   Thumb Code     0  __scatter.o(!!!scatter)
    __scatterload_null                       0x08000103   Thumb Code     0  __scatter.o(!!!scatter)
    __scatterload_copy                       0x08000129   Thumb Code    26  __scatter_copy.o(!!handler_copy)
    __scatterload_zeroinit                   0x08000145   Thumb Code    28  __scatter_zi.o(!!handler_zi)
    _printf_f                                0x08000161   Thumb Code     0  _printf_f.o(.ARM.Collect$$_printf_percent$$00000003)
    _printf_percent                          0x08000161   Thumb Code     0  _printf_percent.o(.ARM.Collect$$_printf_percent$$00000000)
    _printf_s                                0x08000167   Thumb Code     0  _printf_s.o(.ARM.Collect$$_printf_percent$$00000014)
    _printf_percent_end                      0x0800016d   Thumb Code     0  _printf_percent_end.o(.ARM.Collect$$_printf_percent$$00000017)
    __rt_lib_init                            0x08000171   Thumb Code     0  libinit.o(.ARM.Collect$$libinit$$00000000)
    __rt_lib_init_fp_1                       0x08000173   Thumb Code     0  libinit2.o(.ARM.Collect$$libinit$$00000002)
    __rt_lib_init_heap_2                     0x08000173   Thumb Code     0  libinit2.o(.ARM.Collect$$libinit$$00000005)
    __rt_lib_init_preinit_1                  0x08000173   Thumb Code     0  libinit2.o(.ARM.Collect$$libinit$$00000004)
    __rt_lib_init_heap_1                     0x0800017b   Thumb Code     0  libinit2.o(.ARM.Collect$$libinit$$0000000A)
    __rt_lib_init_lc_common                  0x0800017b   Thumb Code     0  libinit2.o(.ARM.Collect$$libinit$$0000000F)
    __rt_lib_init_rand_1                     0x0800017b   Thumb Code     0  libinit2.o(.ARM.Collect$$libinit$$0000000E)
    __rt_lib_init_user_alloc_1               0x0800017b   Thumb Code     0  libinit2.o(.ARM.Collect$$libinit$$0000000C)
    __rt_lib_init_lc_collate_1               0x08000181   Thumb Code     0  libinit2.o(.ARM.Collect$$libinit$$00000011)
    __rt_lib_init_lc_ctype_1                 0x08000181   Thumb Code     0  libinit2.o(.ARM.Collect$$libinit$$00000013)
    __rt_lib_init_lc_monetary_1              0x08000181   Thumb Code     0  libinit2.o(.ARM.Collect$$libinit$$00000015)
    __rt_lib_init_lc_numeric_2               0x08000181   Thumb Code     0  libinit2.o(.ARM.Collect$$libinit$$00000016)
    __rt_lib_init_atexit_1                   0x0800018b   Thumb Code     0  libinit2.o(.ARM.Collect$$libinit$$0000001B)
    __rt_lib_init_clock_1                    0x0800018b   Thumb Code     0  libinit2.o(.ARM.Collect$$libinit$$00000021)
    __rt_lib_init_fp_trap_1                  0x0800018b   Thumb Code     0  libinit2.o(.ARM.Collect$$libinit$$0000001F)
    __rt_lib_init_getenv_1                   0x0800018b   Thumb Code     0  libinit2.o(.ARM.Collect$$libinit$$00000023)
    __rt_lib_init_lc_numeric_1               0x0800018b   Thumb Code     0  libinit2.o(.ARM.Collect$$libinit$$00000017)
    __rt_lib_init_lc_time_1                  0x0800018b   Thumb Code     0  libinit2.o(.ARM.Collect$$libinit$$00000019)
    __rt_lib_init_signal_1                   0x0800018b   Thumb Code     0  libinit2.o(.ARM.Collect$$libinit$$0000001D)
    __rt_lib_init_stdio_2                    0x0800018b   Thumb Code     0  libinit2.o(.ARM.Collect$$libinit$$00000024)
    __rt_lib_init_alloca_1                   0x0800018f   Thumb Code     0  libinit2.o(.ARM.Collect$$libinit$$0000002E)
    __rt_lib_init_argv_1                     0x0800018f   Thumb Code     0  libinit2.o(.ARM.Collect$$libinit$$0000002C)
    __rt_lib_init_cpp_1                      0x0800018f   Thumb Code     0  libinit2.o(.ARM.Collect$$libinit$$00000032)
    __rt_lib_init_exceptions_1               0x0800018f   Thumb Code     0  libinit2.o(.ARM.Collect$$libinit$$00000030)
    __rt_lib_init_return                     0x0800018f   Thumb Code     0  libinit2.o(.ARM.Collect$$libinit$$00000033)
    __rt_lib_init_stdio_1                    0x0800018f   Thumb Code     0  libinit2.o(.ARM.Collect$$libinit$$00000025)
    __rt_lib_shutdown                        0x08000191   Thumb Code     0  libshutdown.o(.ARM.Collect$$libshutdown$$00000000)
    __rt_lib_shutdown_cpp_1                  0x08000193   Thumb Code     0  libshutdown2.o(.ARM.Collect$$libshutdown$$00000002)
    __rt_lib_shutdown_stdio_2                0x08000193   Thumb Code     0  libshutdown2.o(.ARM.Collect$$libshutdown$$00000003)
    __rt_lib_shutdown_fp_trap_1              0x08000197   Thumb Code     0  libshutdown2.o(.ARM.Collect$$libshutdown$$00000007)
    __rt_lib_shutdown_heap_1                 0x08000197   Thumb Code     0  libshutdown2.o(.ARM.Collect$$libshutdown$$0000000F)
    __rt_lib_shutdown_return                 0x08000197   Thumb Code     0  libshutdown2.o(.ARM.Collect$$libshutdown$$00000010)
    __rt_lib_shutdown_signal_1               0x08000197   Thumb Code     0  libshutdown2.o(.ARM.Collect$$libshutdown$$0000000A)
    __rt_lib_shutdown_stdio_1                0x08000197   Thumb Code     0  libshutdown2.o(.ARM.Collect$$libshutdown$$00000004)
    __rt_lib_shutdown_user_alloc_1           0x08000197   Thumb Code     0  libshutdown2.o(.ARM.Collect$$libshutdown$$0000000C)
    __rt_entry                               0x08000199   Thumb Code     0  __rtentry.o(.ARM.Collect$$rtentry$$00000000)
    __rt_entry_presh_1                       0x08000199   Thumb Code     0  __rtentry2.o(.ARM.Collect$$rtentry$$00000002)
    __rt_entry_sh                            0x08000199   Thumb Code     0  __rtentry4.o(.ARM.Collect$$rtentry$$00000004)
    __rt_entry_li                            0x0800019f   Thumb Code     0  __rtentry2.o(.ARM.Collect$$rtentry$$0000000A)
    __rt_entry_postsh_1                      0x0800019f   Thumb Code     0  __rtentry2.o(.ARM.Collect$$rtentry$$00000009)
    __rt_entry_main                          0x080001a3   Thumb Code     0  __rtentry2.o(.ARM.Collect$$rtentry$$0000000D)
    __rt_entry_postli_1                      0x080001a3   Thumb Code     0  __rtentry2.o(.ARM.Collect$$rtentry$$0000000C)
    __rt_exit                                0x080001ab   Thumb Code     0  rtexit.o(.ARM.Collect$$rtexit$$00000000)
    __rt_exit_ls                             0x080001ad   Thumb Code     0  rtexit2.o(.ARM.Collect$$rtexit$$00000003)
    __rt_exit_prels_1                        0x080001ad   Thumb Code     0  rtexit2.o(.ARM.Collect$$rtexit$$00000002)
    __rt_exit_exit                           0x080001b1   Thumb Code     0  rtexit2.o(.ARM.Collect$$rtexit$$00000004)
    Reset_Handler                            0x080001b9   Thumb Code     8  startup_stm32f103xb.o(.text)
    _maybe_terminate_alloc                   0x080001b9   Thumb Code     0  maybetermalloc1.o(.emb_text)
    ADC1_2_IRQHandler                        0x080001d3   Thumb Code     0  startup_stm32f103xb.o(.text)
    CAN1_RX1_IRQHandler                      0x080001d3   Thumb Code     0  startup_stm32f103xb.o(.text)
    CAN1_SCE_IRQHandler                      0x080001d3   Thumb Code     0  startup_stm32f103xb.o(.text)
    DMA1_Channel1_IRQHandler                 0x080001d3   Thumb Code     0  startup_stm32f103xb.o(.text)
    DMA1_Channel2_IRQHandler                 0x080001d3   Thumb Code     0  startup_stm32f103xb.o(.text)
    DMA1_Channel3_IRQHandler                 0x080001d3   Thumb Code     0  startup_stm32f103xb.o(.text)
    DMA1_Channel4_IRQHandler                 0x080001d3   Thumb Code     0  startup_stm32f103xb.o(.text)
    DMA1_Channel6_IRQHandler                 0x080001d3   Thumb Code     0  startup_stm32f103xb.o(.text)
    DMA1_Channel7_IRQHandler                 0x080001d3   Thumb Code     0  startup_stm32f103xb.o(.text)
    EXTI0_IRQHandler                         0x080001d3   Thumb Code     0  startup_stm32f103xb.o(.text)
    EXTI15_10_IRQHandler                     0x080001d3   Thumb Code     0  startup_stm32f103xb.o(.text)
    EXTI1_IRQHandler                         0x080001d3   Thumb Code     0  startup_stm32f103xb.o(.text)
    EXTI2_IRQHandler                         0x080001d3   Thumb Code     0  startup_stm32f103xb.o(.text)
    EXTI3_IRQHandler                         0x080001d3   Thumb Code     0  startup_stm32f103xb.o(.text)
    EXTI4_IRQHandler                         0x080001d3   Thumb Code     0  startup_stm32f103xb.o(.text)
    EXTI9_5_IRQHandler                       0x080001d3   Thumb Code     0  startup_stm32f103xb.o(.text)
    FLASH_IRQHandler                         0x080001d3   Thumb Code     0  startup_stm32f103xb.o(.text)
    I2C1_ER_IRQHandler                       0x080001d3   Thumb Code     0  startup_stm32f103xb.o(.text)
    I2C1_EV_IRQHandler                       0x080001d3   Thumb Code     0  startup_stm32f103xb.o(.text)
    I2C2_ER_IRQHandler                       0x080001d3   Thumb Code     0  startup_stm32f103xb.o(.text)
    I2C2_EV_IRQHandler                       0x080001d3   Thumb Code     0  startup_stm32f103xb.o(.text)
    PVD_IRQHandler                           0x080001d3   Thumb Code     0  startup_stm32f103xb.o(.text)
    RCC_IRQHandler                           0x080001d3   Thumb Code     0  startup_stm32f103xb.o(.text)
    RTC_Alarm_IRQHandler                     0x080001d3   Thumb Code     0  startup_stm32f103xb.o(.text)
    RTC_IRQHandler                           0x080001d3   Thumb Code     0  startup_stm32f103xb.o(.text)
    SPI1_IRQHandler                          0x080001d3   Thumb Code     0  startup_stm32f103xb.o(.text)
    SPI2_IRQHandler                          0x080001d3   Thumb Code     0  startup_stm32f103xb.o(.text)
    TAMPER_IRQHandler                        0x080001d3   Thumb Code     0  startup_stm32f103xb.o(.text)
    TIM1_BRK_IRQHandler                      0x080001d3   Thumb Code     0  startup_stm32f103xb.o(.text)
    TIM1_CC_IRQHandler                       0x080001d3   Thumb Code     0  startup_stm32f103xb.o(.text)
    TIM1_TRG_COM_IRQHandler                  0x080001d3   Thumb Code     0  startup_stm32f103xb.o(.text)
    TIM1_UP_IRQHandler                       0x080001d3   Thumb Code     0  startup_stm32f103xb.o(.text)
    TIM2_IRQHandler                          0x080001d3   Thumb Code     0  startup_stm32f103xb.o(.text)
    TIM3_IRQHandler                          0x080001d3   Thumb Code     0  startup_stm32f103xb.o(.text)
    TIM4_IRQHandler                          0x080001d3   Thumb Code     0  startup_stm32f103xb.o(.text)
    USART2_IRQHandler                        0x080001d3   Thumb Code     0  startup_stm32f103xb.o(.text)
    USART3_IRQHandler                        0x080001d3   Thumb Code     0  startup_stm32f103xb.o(.text)
    USBWakeUp_IRQHandler                     0x080001d3   Thumb Code     0  startup_stm32f103xb.o(.text)
    USB_HP_CAN1_TX_IRQHandler                0x080001d3   Thumb Code     0  startup_stm32f103xb.o(.text)
    USB_LP_CAN1_RX0_IRQHandler               0x080001d3   Thumb Code     0  startup_stm32f103xb.o(.text)
    WWDG_IRQHandler                          0x080001d3   Thumb Code     0  startup_stm32f103xb.o(.text)
    __user_initial_stackheap                 0x080001d5   Thumb Code     0  startup_stm32f103xb.o(.text)
    __2printf                                0x080001f9   Thumb Code    20  noretval__2printf.o(.text)
    __2sprintf                               0x08000211   Thumb Code    34  noretval__2sprintf.o(.text)
    _printf_str                              0x08000239   Thumb Code    82  _printf_str.o(.text)
    __printf                                 0x0800028b   Thumb Code   270  __printf_wp.o(.text)
    strlen                                   0x08000399   Thumb Code    62  strlen.o(.text)
    __aeabi_memclr4                          0x080003d7   Thumb Code     0  rt_memclr_w.o(.text)
    __aeabi_memclr8                          0x080003d7   Thumb Code     0  rt_memclr_w.o(.text)
    __rt_memclr_w                            0x080003d7   Thumb Code    78  rt_memclr_w.o(.text)
    _memset_w                                0x080003db   Thumb Code     0  rt_memclr_w.o(.text)
    __use_two_region_memory                  0x08000425   Thumb Code     2  heapauxi.o(.text)
    __rt_heap_escrow                         0x08000427   Thumb Code     2  heapauxi.o(.text)
    __rt_heap_expand                         0x08000429   Thumb Code     2  heapauxi.o(.text)
    __read_errno                             0x0800042b   Thumb Code    10  _rserrno.o(.text)
    __set_errno                              0x08000435   Thumb Code    12  _rserrno.o(.text)
    __lib_sel_fp_printf                      0x08000441   Thumb Code     2  _printf_fp_dec.o(.text)
    _printf_fp_dec_real                      0x080005f3   Thumb Code   620  _printf_fp_dec.o(.text)
    _printf_char_common                      0x0800086b   Thumb Code    32  _printf_char_common.o(.text)
    _sputc                                   0x08000891   Thumb Code    10  _sputc.o(.text)
    _printf_cs_common                        0x0800089b   Thumb Code    20  _printf_char.o(.text)
    _printf_char                             0x080008af   Thumb Code    16  _printf_char.o(.text)
    _printf_string                           0x080008bf   Thumb Code     8  _printf_char.o(.text)
    _printf_char_file                        0x080008c9   Thumb Code    32  _printf_char_file.o(.text)
    __rt_locale                              0x080008ed   Thumb Code     8  rt_locale_intlibspace.o(.text)
    __aeabi_errno_addr                       0x080008f5   Thumb Code     8  rt_errno_addr_intlibspace.o(.text)
    __errno$intlibspace                      0x080008f5   Thumb Code     0  rt_errno_addr_intlibspace.o(.text)
    __rt_errno_addr$intlibspace              0x080008f5   Thumb Code     0  rt_errno_addr_intlibspace.o(.text)
    _ll_udiv10                               0x080008fd   Thumb Code   138  lludiv10.o(.text)
    _printf_fp_infnan                        0x08000989   Thumb Code   112  _printf_fp_infnan.o(.text)
    _btod_etento                             0x08000a09   Thumb Code   224  bigflt0.o(.text)
    ferror                                   0x08000aed   Thumb Code     8  ferror.o(.text)
    _initio                                  0x08000af5   Thumb Code   210  initio.o(.text)
    _terminateio                             0x08000bc7   Thumb Code    56  initio.o(.text)
    _sys_open                                0x08000c2d   Thumb Code    20  sys_io.o(.text)
    _sys_close                               0x08000c41   Thumb Code    12  sys_io.o(.text)
    _sys_write                               0x08000c4d   Thumb Code    16  sys_io.o(.text)
    _sys_read                                0x08000c5d   Thumb Code    14  sys_io.o(.text)
    _sys_istty                               0x08000c6b   Thumb Code    12  sys_io.o(.text)
    _sys_seek                                0x08000c77   Thumb Code    14  sys_io.o(.text)
    _sys_ensure                              0x08000c85   Thumb Code     2  sys_io.o(.text)
    _sys_flen                                0x08000c87   Thumb Code    12  sys_io.o(.text)
    __user_libspace                          0x08000c95   Thumb Code     8  libspace.o(.text)
    __user_perproc_libspace                  0x08000c95   Thumb Code     0  libspace.o(.text)
    __user_perthread_libspace                0x08000c95   Thumb Code     0  libspace.o(.text)
    __user_setup_stackheap                   0x08000c9d   Thumb Code    74  sys_stackheap_outer.o(.text)
    free                                     0x08000ce7   Thumb Code    78  h1_free.o(.text)
    __flsbuf                                 0x08000d35   Thumb Code   470  flsbuf.o(.text)
    __flsbuf_byte                            0x08000d35   Thumb Code     0  flsbuf.o(.text)
    __flsbuf_wide                            0x08000d35   Thumb Code     0  flsbuf.o(.text)
    setvbuf                                  0x08000f0b   Thumb Code    70  setvbuf.o(.text)
    freopen                                  0x08000f51   Thumb Code   158  fopen.o(.text)
    fopen                                    0x08000fef   Thumb Code    74  fopen.o(.text)
    _fclose_internal                         0x0800103d   Thumb Code    76  fclose.o(.text)
    fclose                                   0x0800103d   Thumb Code     0  fclose.o(.text)
    exit                                     0x08001089   Thumb Code    18  exit.o(.text)
    __rt_SIGRTRED                            0x0800109b   Thumb Code    14  defsig_rtred_outer.o(.text)
    strcmp                                   0x080010a9   Thumb Code   128  strcmpv7m.o(.text)
    __I$use$semihosting                      0x08001129   Thumb Code     0  use_no_semi.o(.text)
    __use_no_semihosting_swi                 0x08001129   Thumb Code     2  use_no_semi.o(.text)
    __semihosting_library_function           0x0800112b   Thumb Code     0  indicate_semi.o(.text)
    __rt_heap_descriptor                     0x0800112d   Thumb Code     8  rt_heap_descriptor_intlibspace.o(.text)
    __use_no_heap                            0x08001135   Thumb Code     2  hguard.o(.text)
    __heap$guard                             0x08001137   Thumb Code     2  hguard.o(.text)
    _terminate_user_alloc                    0x08001139   Thumb Code     2  init_alloc.o(.text)
    _init_user_alloc                         0x0800113b   Thumb Code     2  init_alloc.o(.text)
    __Heap_Full                              0x0800113d   Thumb Code    34  init_alloc.o(.text)
    __Heap_Broken                            0x0800115f   Thumb Code     6  init_alloc.o(.text)
    _init_alloc                              0x08001165   Thumb Code    94  init_alloc.o(.text)
    malloc                                   0x080011c3   Thumb Code    94  h1_alloc.o(.text)
    _fseek                                   0x08001221   Thumb Code   242  fseek.o(.text)
    fseek                                    0x08001221   Thumb Code     0  fseek.o(.text)
    _seterr                                  0x08001319   Thumb Code    20  stdio.o(.text)
    _writebuf                                0x0800132d   Thumb Code    84  stdio.o(.text)
    _fflush                                  0x08001381   Thumb Code    70  stdio.o(.text)
    _deferredlazyseek                        0x080013c7   Thumb Code    60  stdio.o(.text)
    __sig_exit                               0x08001409   Thumb Code    10  defsig_exit.o(.text)
    __rt_SIGRTRED_inner                      0x08001415   Thumb Code    14  defsig_rtred_inner.o(.text)
    _sys_exit                                0x08001449   Thumb Code     8  sys_exit.o(.text)
    __Heap_Initialize                        0x08001455   Thumb Code    10  h1_init.o(.text)
    __Heap_DescSize                          0x0800145f   Thumb Code     4  h1_init.o(.text)
    __Heap_ProvideMemory                     0x08001463   Thumb Code    52  h1_extend.o(.text)
    _ftell_internal                          0x08001497   Thumb Code    66  ftell.o(.text)
    ftell                                    0x08001497   Thumb Code     0  ftell.o(.text)
    __default_signal_display                 0x080014d9   Thumb Code    50  defsig_general.o(.text)
    __rt_SIGRTMEM                            0x0800150b   Thumb Code    14  defsig_rtmem_outer.o(.text)
    _ttywrch                                 0x08001519   Thumb Code    14  sys_wrch.o(.text)
    __rt_SIGRTMEM_inner                      0x08001529   Thumb Code    22  defsig_rtmem_inner.o(.text)
    _btod_d2e                                0x08001579   Thumb Code    62  btod.o(CL$$btod_d2e)
    _d2e_denorm_low                          0x080015b7   Thumb Code    70  btod.o(CL$$btod_d2e_denorm_low)
    _d2e_norm_op1                            0x080015fd   Thumb Code    96  btod.o(CL$$btod_d2e_norm_op1)
    __btod_div_common                        0x0800165d   Thumb Code   696  btod.o(CL$$btod_div_common)
    _e2e                                     0x08001995   Thumb Code   220  btod.o(CL$$btod_e2e)
    _btod_ediv                               0x08001a71   Thumb Code    42  btod.o(CL$$btod_ediv)
    _btod_emul                               0x08001a9b   Thumb Code    42  btod.o(CL$$btod_emul)
    __btod_mult_common                       0x08001ac5   Thumb Code   580  btod.o(CL$$btod_mult_common)
    ACS712_Calibrate                         0x08001d09   Thumb Code   104  main.o(i.ACS712_Calibrate)
    ADC_ConversionStop_Disable               0x08001d95   Thumb Code    86  stm32f1xx_hal_adc.o(i.ADC_ConversionStop_Disable)
    ADC_Enable                               0x08001ded   Thumb Code   114  stm32f1xx_hal_adc.o(i.ADC_Enable)
    ADC_Read                                 0x08001e69   Thumb Code    36  main.o(i.ADC_Read)
    BusFault_Handler                         0x08001e91   Thumb Code     2  stm32f1xx_it.o(i.BusFault_Handler)
    Calculate_Power                          0x08001e95   Thumb Code    30  main.o(i.Calculate_Power)
    DMA1_Channel5_IRQHandler                 0x08001ec1   Thumb Code     6  stm32f1xx_it.o(i.DMA1_Channel5_IRQHandler)
    DebugMon_Handler                         0x08001ecd   Thumb Code     2  stm32f1xx_it.o(i.DebugMon_Handler)
    Error_Handler                            0x08001ecf   Thumb Code     4  main.o(i.Error_Handler)
    HAL_ADC_ConfigChannel                    0x08001ed5   Thumb Code   240  stm32f1xx_hal_adc.o(i.HAL_ADC_ConfigChannel)
    HAL_ADC_GetValue                         0x08001fd1   Thumb Code     6  stm32f1xx_hal_adc.o(i.HAL_ADC_GetValue)
    HAL_ADC_Init                             0x08001fd9   Thumb Code   272  stm32f1xx_hal_adc.o(i.HAL_ADC_Init)
    HAL_ADC_MspInit                          0x080020f5   Thumb Code    76  stm32f1xx_hal_msp.o(i.HAL_ADC_MspInit)
    HAL_ADC_PollForConversion                0x0800214d   Thumb Code   304  stm32f1xx_hal_adc.o(i.HAL_ADC_PollForConversion)
    HAL_ADC_Start                            0x08002289   Thumb Code   184  stm32f1xx_hal_adc.o(i.HAL_ADC_Start)
    HAL_ADC_Stop                             0x08002349   Thumb Code    52  stm32f1xx_hal_adc.o(i.HAL_ADC_Stop)
    HAL_DMA_Abort                            0x0800237d   Thumb Code    70  stm32f1xx_hal_dma.o(i.HAL_DMA_Abort)
    HAL_DMA_Abort_IT                         0x080023c5   Thumb Code   148  stm32f1xx_hal_dma.o(i.HAL_DMA_Abort_IT)
    HAL_DMA_IRQHandler                       0x0800245d   Thumb Code   316  stm32f1xx_hal_dma.o(i.HAL_DMA_IRQHandler)
    HAL_DMA_Init                             0x080025b1   Thumb Code    84  stm32f1xx_hal_dma.o(i.HAL_DMA_Init)
    HAL_Delay                                0x0800260d   Thumb Code    32  stm32f1xx_hal.o(i.HAL_Delay)
    HAL_GPIO_Init                            0x08002631   Thumb Code   446  stm32f1xx_hal_gpio.o(i.HAL_GPIO_Init)
    HAL_GPIO_WritePin                        0x08002811   Thumb Code    10  stm32f1xx_hal_gpio.o(i.HAL_GPIO_WritePin)
    HAL_GetTick                              0x0800281d   Thumb Code     6  stm32f1xx_hal.o(i.HAL_GetTick)
    HAL_IncTick                              0x08002829   Thumb Code    12  stm32f1xx_hal.o(i.HAL_IncTick)
    HAL_Init                                 0x08002839   Thumb Code    32  stm32f1xx_hal.o(i.HAL_Init)
    HAL_InitTick                             0x0800285d   Thumb Code    54  stm32f1xx_hal.o(i.HAL_InitTick)
    HAL_MspInit                              0x0800289d   Thumb Code    52  stm32f1xx_hal_msp.o(i.HAL_MspInit)
    HAL_NVIC_EnableIRQ                       0x080028d9   Thumb Code    26  stm32f1xx_hal_cortex.o(i.HAL_NVIC_EnableIRQ)
    HAL_NVIC_SetPriority                     0x080028f5   Thumb Code    60  stm32f1xx_hal_cortex.o(i.HAL_NVIC_SetPriority)
    HAL_NVIC_SetPriorityGrouping             0x08002935   Thumb Code    26  stm32f1xx_hal_cortex.o(i.HAL_NVIC_SetPriorityGrouping)
    HAL_RCCEx_GetPeriphCLKFreq               0x08002959   Thumb Code   148  stm32f1xx_hal_rcc_ex.o(i.HAL_RCCEx_GetPeriphCLKFreq)
    HAL_RCCEx_PeriphCLKConfig                0x080029fd   Thumb Code   224  stm32f1xx_hal_rcc_ex.o(i.HAL_RCCEx_PeriphCLKConfig)
    HAL_RCC_ClockConfig                      0x08002ae9   Thumb Code   280  stm32f1xx_hal_rcc.o(i.HAL_RCC_ClockConfig)
    HAL_RCC_GetPCLK1Freq                     0x08002c15   Thumb Code    20  stm32f1xx_hal_rcc.o(i.HAL_RCC_GetPCLK1Freq)
    HAL_RCC_GetPCLK2Freq                     0x08002c35   Thumb Code    20  stm32f1xx_hal_rcc.o(i.HAL_RCC_GetPCLK2Freq)
    HAL_RCC_GetSysClockFreq                  0x08002c55   Thumb Code    58  stm32f1xx_hal_rcc.o(i.HAL_RCC_GetSysClockFreq)
    HAL_RCC_OscConfig                        0x08002ca1   Thumb Code   778  stm32f1xx_hal_rcc.o(i.HAL_RCC_OscConfig)
    HAL_SYSTICK_Config                       0x08002fc1   Thumb Code    40  stm32f1xx_hal_cortex.o(i.HAL_SYSTICK_Config)
    HAL_UARTEx_RxEventCallback               0x08002fe9   Thumb Code     2  stm32f1xx_hal_uart.o(i.HAL_UARTEx_RxEventCallback)
    HAL_UART_ErrorCallback                   0x08002feb   Thumb Code     2  stm32f1xx_hal_uart.o(i.HAL_UART_ErrorCallback)
    HAL_UART_IRQHandler                      0x08002fed   Thumb Code   616  stm32f1xx_hal_uart.o(i.HAL_UART_IRQHandler)
    HAL_UART_Init                            0x08003259   Thumb Code   100  stm32f1xx_hal_uart.o(i.HAL_UART_Init)
    HAL_UART_MspInit                         0x080032bd   Thumb Code   154  stm32f1xx_hal_msp.o(i.HAL_UART_MspInit)
    HAL_UART_RxCpltCallback                  0x0800336d   Thumb Code     2  stm32f1xx_hal_uart.o(i.HAL_UART_RxCpltCallback)
    HAL_UART_Transmit                        0x0800336f   Thumb Code   160  stm32f1xx_hal_uart.o(i.HAL_UART_Transmit)
    HAL_UART_TxCpltCallback                  0x0800340f   Thumb Code     2  stm32f1xx_hal_uart.o(i.HAL_UART_TxCpltCallback)
    HardFault_Handler                        0x08003411   Thumb Code     2  stm32f1xx_it.o(i.HardFault_Handler)
    MemManage_Handler                        0x080034d5   Thumb Code     2  stm32f1xx_it.o(i.MemManage_Handler)
    NMI_Handler                              0x080034d7   Thumb Code     2  stm32f1xx_it.o(i.NMI_Handler)
    PendSV_Handler                           0x080034d9   Thumb Code     2  stm32f1xx_it.o(i.PendSV_Handler)
    Read_AC                                  0x080034dd   Thumb Code   162  main.o(i.Read_AC)
    SVC_Handler                              0x080035a1   Thumb Code     2  stm32f1xx_it.o(i.SVC_Handler)
    Send_AC                                  0x080035a5   Thumb Code    44  main.o(i.Send_AC)
    Send_AC_POWER                            0x080035ed   Thumb Code    42  main.o(i.Send_AC_POWER)
    SysTick_Handler                          0x08003635   Thumb Code     4  stm32f1xx_it.o(i.SysTick_Handler)
    SystemClock_Config                       0x08003639   Thumb Code   120  main.o(i.SystemClock_Config)
    SystemInit                               0x080036b1   Thumb Code     2  system_stm32f1xx.o(i.SystemInit)
    USART1_IRQHandler                        0x08003901   Thumb Code     6  stm32f1xx_it.o(i.USART1_IRQHandler)
    UsageFault_Handler                       0x0800390d   Thumb Code     2  stm32f1xx_it.o(i.UsageFault_Handler)
    __ARM_fpclassify                         0x0800390f   Thumb Code    40  fpclassify.o(i.__ARM_fpclassify)
    _is_digit                                0x08003957   Thumb Code    14  __printf_wp.o(i._is_digit)
    fputc                                    0x08003965   Thumb Code    26  fputc.o(i.fputc)
    main                                     0x08003981   Thumb Code   132  main.o(i.main)
    sqrt                                     0x08003a11   Thumb Code    76  sqrt.o(i.sqrt)
    _get_lc_numeric                          0x08003a5d   Thumb Code    44  lc_numeric_c.o(locale$$code)
    __aeabi_d2f                              0x08003a89   Thumb Code     0  d2f.o(x$fpl$d2f)
    _d2f                                     0x08003a89   Thumb Code    98  d2f.o(x$fpl$d2f)
    __aeabi_ddiv                             0x08003aed   Thumb Code     0  ddiv.o(x$fpl$ddiv)
    _ddiv                                    0x08003aed   Thumb Code   552  ddiv.o(x$fpl$ddiv)
    __aeabi_ui2d                             0x08003d9d   Thumb Code     0  dflt_clz.o(x$fpl$dfltu)
    _dfltu                                   0x08003d9d   Thumb Code    38  dflt_clz.o(x$fpl$dfltu)
    __aeabi_dmul                             0x08003dc5   Thumb Code     0  dmul.o(x$fpl$dmul)
    _dmul                                    0x08003dc5   Thumb Code   332  dmul.o(x$fpl$dmul)
    __fpl_dnaninf                            0x08003f19   Thumb Code   156  dnaninf.o(x$fpl$dnaninf)
    __fpl_dretinf                            0x08003fb5   Thumb Code    12  dretinf.o(x$fpl$dretinf)
    _dsqrt                                   0x08003fc1   Thumb Code   456  dsqrt_noumaal.o(x$fpl$dsqrt)
    __aeabi_f2d                              0x0800418d   Thumb Code     0  f2d.o(x$fpl$f2d)
    _f2d                                     0x0800418d   Thumb Code    86  f2d.o(x$fpl$f2d)
    __aeabi_fadd                             0x080041e5   Thumb Code     0  faddsub_clz.o(x$fpl$fadd)
    _fadd                                    0x080041e5   Thumb Code   196  faddsub_clz.o(x$fpl$fadd)
    __aeabi_fdiv                             0x080042a9   Thumb Code     0  fdiv.o(x$fpl$fdiv)
    _fdiv                                    0x080042a9   Thumb Code   384  fdiv.o(x$fpl$fdiv)
    __aeabi_fmul                             0x0800442d   Thumb Code     0  fmul.o(x$fpl$fmul)
    _fmul                                    0x0800442d   Thumb Code   258  fmul.o(x$fpl$fmul)
    __fpl_fnaninf                            0x0800452f   Thumb Code   140  fnaninf.o(x$fpl$fnaninf)
    __fpl_fretinf                            0x080045bb   Thumb Code    10  fretinf.o(x$fpl$fretinf)
    __aeabi_fsub                             0x080045c5   Thumb Code     0  faddsub_clz.o(x$fpl$fsub)
    _fsub                                    0x080045c5   Thumb Code   234  faddsub_clz.o(x$fpl$fsub)
    _printf_fp_dec                           0x080046af   Thumb Code     4  printf1.o(x$fpl$printf1)
    __I$use$fp                               0x080046b2   Number         0  usenofp.o(x$fpl$usenofp)
    AHBPrescTable                            0x080046d6   Data          16  system_stm32f1xx.o(.constdata)
    APBPrescTable                            0x080046e6   Data           8  system_stm32f1xx.o(.constdata)
    __stdin_name                             0x08004784   Data           4  sys_io.o(.constdata)
    __stdout_name                            0x08004788   Data           4  sys_io.o(.constdata)
    __stderr_name                            0x0800478c   Data           4  sys_io.o(.constdata)
    Region$$Table$$Base                      0x08004790   Number         0  anon$$obj.o(Region$$Table)
    Region$$Table$$Limit                     0x080047b0   Number         0  anon$$obj.o(Region$$Table)
    last_filtered                            0x20000000   Data           4  main.o(.data)
    offset                                   0x20000004   Data           4  main.o(.data)
    uwTickFreq                               0x2000000c   Data           1  stm32f1xx_hal.o(.data)
    uwTickPrio                               0x20000010   Data           4  stm32f1xx_hal.o(.data)
    uwTick                                   0x20000014   Data           4  stm32f1xx_hal.o(.data)
    SystemCoreClock                          0x20000018   Data           4  system_stm32f1xx.o(.data)
    __aeabi_stdin                            0x2000001c   Data           4  stdio_streams.o(.data)
    __aeabi_stdout                           0x20000020   Data           4  stdio_streams.o(.data)
    __aeabi_stderr                           0x20000024   Data           4  stdio_streams.o(.data)
    hadc1                                    0x20000028   Data          48  main.o(.bss)
    huart1                                   0x20000058   Data          72  main.o(.bss)
    hdma_usart1_rx                           0x200000a0   Data          68  main.o(.bss)
    __stdin                                  0x200000e4   Data          84  stdio_streams.o(.bss)
    __stdout                                 0x20000138   Data          84  stdio_streams.o(.bss)
    __stderr                                 0x2000018c   Data          84  stdio_streams.o(.bss)
    __libspace_start                         0x200001e0   Data          96  libspace.o(.bss)
    __temporary_stack_top$libspace           0x20000240   Data           0  libspace.o(.bss)



==============================================================================

Memory Map of the image

  Image Entry point : 0x080000ed

  Load Region LR_IROM1 (Base: 0x08000000, Size: 0x000047f4, Max: 0x00010000, ABSOLUTE)

    Execution Region ER_IROM1 (Exec base: 0x08000000, Load base: 0x08000000, Size: 0x000047cc, Max: 0x00010000, ABSOLUTE)

    Exec Addr    Load Addr    Size         Type   Attr      Idx    E Section Name        Object

    0x08000000   0x08000000   0x000000ec   Data   RO            3    RESET               startup_stm32f103xb.o
    0x080000ec   0x080000ec   0x00000008   Code   RO         2116  * !!!main             c_w.l(__main.o)
    0x080000f4   0x080000f4   0x00000034   Code   RO         2571    !!!scatter          c_w.l(__scatter.o)
    0x08000128   0x08000128   0x0000001a   Code   RO         2573    !!handler_copy      c_w.l(__scatter_copy.o)
    0x08000142   0x08000142   0x00000002   PAD
    0x08000144   0x08000144   0x0000001c   Code   RO         2575    !!handler_zi        c_w.l(__scatter_zi.o)
    0x08000160   0x08000160   0x00000000   Code   RO         2109    .ARM.Collect$$_printf_percent$$00000000  c_w.l(_printf_percent.o)
    0x08000160   0x08000160   0x00000006   Code   RO         2108    .ARM.Collect$$_printf_percent$$00000003  c_w.l(_printf_f.o)
    0x08000166   0x08000166   0x00000006   Code   RO         2107    .ARM.Collect$$_printf_percent$$00000014  c_w.l(_printf_s.o)
    0x0800016c   0x0800016c   0x00000004   Code   RO         2175    .ARM.Collect$$_printf_percent$$00000017  c_w.l(_printf_percent_end.o)
    0x08000170   0x08000170   0x00000002   Code   RO         2368    .ARM.Collect$$libinit$$00000000  c_w.l(libinit.o)
    0x08000172   0x08000172   0x00000000   Code   RO         2370    .ARM.Collect$$libinit$$00000002  c_w.l(libinit2.o)
    0x08000172   0x08000172   0x00000000   Code   RO         2372    .ARM.Collect$$libinit$$00000004  c_w.l(libinit2.o)
    0x08000172   0x08000172   0x00000008   Code   RO         2373    .ARM.Collect$$libinit$$00000005  c_w.l(libinit2.o)
    0x0800017a   0x0800017a   0x00000000   Code   RO         2375    .ARM.Collect$$libinit$$0000000A  c_w.l(libinit2.o)
    0x0800017a   0x0800017a   0x00000000   Code   RO         2377    .ARM.Collect$$libinit$$0000000C  c_w.l(libinit2.o)
    0x0800017a   0x0800017a   0x00000000   Code   RO         2379    .ARM.Collect$$libinit$$0000000E  c_w.l(libinit2.o)
    0x0800017a   0x0800017a   0x00000006   Code   RO         2380    .ARM.Collect$$libinit$$0000000F  c_w.l(libinit2.o)
    0x08000180   0x08000180   0x00000000   Code   RO         2382    .ARM.Collect$$libinit$$00000011  c_w.l(libinit2.o)
    0x08000180   0x08000180   0x00000000   Code   RO         2384    .ARM.Collect$$libinit$$00000013  c_w.l(libinit2.o)
    0x08000180   0x08000180   0x00000000   Code   RO         2386    .ARM.Collect$$libinit$$00000015  c_w.l(libinit2.o)
    0x08000180   0x08000180   0x0000000a   Code   RO         2387    .ARM.Collect$$libinit$$00000016  c_w.l(libinit2.o)
    0x0800018a   0x0800018a   0x00000000   Code   RO         2388    .ARM.Collect$$libinit$$00000017  c_w.l(libinit2.o)
    0x0800018a   0x0800018a   0x00000000   Code   RO         2390    .ARM.Collect$$libinit$$00000019  c_w.l(libinit2.o)
    0x0800018a   0x0800018a   0x00000000   Code   RO         2392    .ARM.Collect$$libinit$$0000001B  c_w.l(libinit2.o)
    0x0800018a   0x0800018a   0x00000000   Code   RO         2394    .ARM.Collect$$libinit$$0000001D  c_w.l(libinit2.o)
    0x0800018a   0x0800018a   0x00000000   Code   RO         2396    .ARM.Collect$$libinit$$0000001F  c_w.l(libinit2.o)
    0x0800018a   0x0800018a   0x00000000   Code   RO         2398    .ARM.Collect$$libinit$$00000021  c_w.l(libinit2.o)
    0x0800018a   0x0800018a   0x00000000   Code   RO         2400    .ARM.Collect$$libinit$$00000023  c_w.l(libinit2.o)
    0x0800018a   0x0800018a   0x00000004   Code   RO         2401    .ARM.Collect$$libinit$$00000024  c_w.l(libinit2.o)
    0x0800018e   0x0800018e   0x00000000   Code   RO         2402    .ARM.Collect$$libinit$$00000025  c_w.l(libinit2.o)
    0x0800018e   0x0800018e   0x00000000   Code   RO         2406    .ARM.Collect$$libinit$$0000002C  c_w.l(libinit2.o)
    0x0800018e   0x0800018e   0x00000000   Code   RO         2408    .ARM.Collect$$libinit$$0000002E  c_w.l(libinit2.o)
    0x0800018e   0x0800018e   0x00000000   Code   RO         2410    .ARM.Collect$$libinit$$00000030  c_w.l(libinit2.o)
    0x0800018e   0x0800018e   0x00000000   Code   RO         2412    .ARM.Collect$$libinit$$00000032  c_w.l(libinit2.o)
    0x0800018e   0x0800018e   0x00000002   Code   RO         2413    .ARM.Collect$$libinit$$00000033  c_w.l(libinit2.o)
    0x08000190   0x08000190   0x00000002   Code   RO         2550    .ARM.Collect$$libshutdown$$00000000  c_w.l(libshutdown.o)
    0x08000192   0x08000192   0x00000000   Code   RO         2415    .ARM.Collect$$libshutdown$$00000002  c_w.l(libshutdown2.o)
    0x08000192   0x08000192   0x00000004   Code   RO         2416    .ARM.Collect$$libshutdown$$00000003  c_w.l(libshutdown2.o)
    0x08000196   0x08000196   0x00000000   Code   RO         2417    .ARM.Collect$$libshutdown$$00000004  c_w.l(libshutdown2.o)
    0x08000196   0x08000196   0x00000000   Code   RO         2420    .ARM.Collect$$libshutdown$$00000007  c_w.l(libshutdown2.o)
    0x08000196   0x08000196   0x00000000   Code   RO         2423    .ARM.Collect$$libshutdown$$0000000A  c_w.l(libshutdown2.o)
    0x08000196   0x08000196   0x00000000   Code   RO         2425    .ARM.Collect$$libshutdown$$0000000C  c_w.l(libshutdown2.o)
    0x08000196   0x08000196   0x00000000   Code   RO         2428    .ARM.Collect$$libshutdown$$0000000F  c_w.l(libshutdown2.o)
    0x08000196   0x08000196   0x00000002   Code   RO         2429    .ARM.Collect$$libshutdown$$00000010  c_w.l(libshutdown2.o)
    0x08000198   0x08000198   0x00000000   Code   RO         2162    .ARM.Collect$$rtentry$$00000000  c_w.l(__rtentry.o)
    0x08000198   0x08000198   0x00000000   Code   RO         2196    .ARM.Collect$$rtentry$$00000002  c_w.l(__rtentry2.o)
    0x08000198   0x08000198   0x00000006   Code   RO         2208    .ARM.Collect$$rtentry$$00000004  c_w.l(__rtentry4.o)
    0x0800019e   0x0800019e   0x00000000   Code   RO         2198    .ARM.Collect$$rtentry$$00000009  c_w.l(__rtentry2.o)
    0x0800019e   0x0800019e   0x00000004   Code   RO         2199    .ARM.Collect$$rtentry$$0000000A  c_w.l(__rtentry2.o)
    0x080001a2   0x080001a2   0x00000000   Code   RO         2201    .ARM.Collect$$rtentry$$0000000C  c_w.l(__rtentry2.o)
    0x080001a2   0x080001a2   0x00000008   Code   RO         2202    .ARM.Collect$$rtentry$$0000000D  c_w.l(__rtentry2.o)
    0x080001aa   0x080001aa   0x00000002   Code   RO         2435    .ARM.Collect$$rtexit$$00000000  c_w.l(rtexit.o)
    0x080001ac   0x080001ac   0x00000000   Code   RO         2491    .ARM.Collect$$rtexit$$00000002  c_w.l(rtexit2.o)
    0x080001ac   0x080001ac   0x00000004   Code   RO         2492    .ARM.Collect$$rtexit$$00000003  c_w.l(rtexit2.o)
    0x080001b0   0x080001b0   0x00000006   Code   RO         2493    .ARM.Collect$$rtexit$$00000004  c_w.l(rtexit2.o)
    0x080001b6   0x080001b6   0x00000002   PAD
    0x080001b8   0x080001b8   0x00000000   Code   RO         2497    .emb_text           c_w.l(maybetermalloc1.o)
    0x080001b8   0x080001b8   0x00000040   Code   RO            4    .text               startup_stm32f103xb.o
    0x080001f8   0x080001f8   0x00000018   Code   RO         2079    .text               c_w.l(noretval__2printf.o)
    0x08000210   0x08000210   0x00000028   Code   RO         2081    .text               c_w.l(noretval__2sprintf.o)
    0x08000238   0x08000238   0x00000052   Code   RO         2085    .text               c_w.l(_printf_str.o)
    0x0800028a   0x0800028a   0x0000010e   Code   RO         2095    .text               c_w.l(__printf_wp.o)
    0x08000398   0x08000398   0x0000003e   Code   RO         2110    .text               c_w.l(strlen.o)
    0x080003d6   0x080003d6   0x0000004e   Code   RO         2112    .text               c_w.l(rt_memclr_w.o)
    0x08000424   0x08000424   0x00000006   Code   RO         2114    .text               c_w.l(heapauxi.o)
    0x0800042a   0x0800042a   0x00000016   Code   RO         2163    .text               c_w.l(_rserrno.o)
    0x08000440   0x08000440   0x0000041e   Code   RO         2165    .text               c_w.l(_printf_fp_dec.o)
    0x0800085e   0x0800085e   0x00000002   PAD
    0x08000860   0x08000860   0x00000030   Code   RO         2167    .text               c_w.l(_printf_char_common.o)
    0x08000890   0x08000890   0x0000000a   Code   RO         2169    .text               c_w.l(_sputc.o)
    0x0800089a   0x0800089a   0x0000002c   Code   RO         2171    .text               c_w.l(_printf_char.o)
    0x080008c6   0x080008c6   0x00000002   PAD
    0x080008c8   0x080008c8   0x00000024   Code   RO         2173    .text               c_w.l(_printf_char_file.o)
    0x080008ec   0x080008ec   0x00000008   Code   RO         2213    .text               c_w.l(rt_locale_intlibspace.o)
    0x080008f4   0x080008f4   0x00000008   Code   RO         2218    .text               c_w.l(rt_errno_addr_intlibspace.o)
    0x080008fc   0x080008fc   0x0000008a   Code   RO         2220    .text               c_w.l(lludiv10.o)
    0x08000986   0x08000986   0x00000002   PAD
    0x08000988   0x08000988   0x00000080   Code   RO         2222    .text               c_w.l(_printf_fp_infnan.o)
    0x08000a08   0x08000a08   0x000000e4   Code   RO         2226    .text               c_w.l(bigflt0.o)
    0x08000aec   0x08000aec   0x00000008   Code   RO         2251    .text               c_w.l(ferror.o)
    0x08000af4   0x08000af4   0x00000138   Code   RO         2257    .text               c_w.l(initio.o)
    0x08000c2c   0x08000c2c   0x00000066   Code   RO         2274    .text               c_w.l(sys_io.o)
    0x08000c92   0x08000c92   0x00000002   PAD
    0x08000c94   0x08000c94   0x00000008   Code   RO         2279    .text               c_w.l(libspace.o)
    0x08000c9c   0x08000c9c   0x0000004a   Code   RO         2284    .text               c_w.l(sys_stackheap_outer.o)
    0x08000ce6   0x08000ce6   0x0000004e   Code   RO         2288    .text               c_w.l(h1_free.o)
    0x08000d34   0x08000d34   0x000001d6   Code   RO         2342    .text               c_w.l(flsbuf.o)
    0x08000f0a   0x08000f0a   0x00000046   Code   RO         2344    .text               c_w.l(setvbuf.o)
    0x08000f50   0x08000f50   0x000000ec   Code   RO         2347    .text               c_w.l(fopen.o)
    0x0800103c   0x0800103c   0x0000004c   Code   RO         2349    .text               c_w.l(fclose.o)
    0x08001088   0x08001088   0x00000012   Code   RO         2355    .text               c_w.l(exit.o)
    0x0800109a   0x0800109a   0x0000000e   Code   RO         2357    .text               c_w.l(defsig_rtred_outer.o)
    0x080010a8   0x080010a8   0x00000080   Code   RO         2361    .text               c_w.l(strcmpv7m.o)
    0x08001128   0x08001128   0x00000002   Code   RO         2432    .text               c_w.l(use_no_semi.o)
    0x0800112a   0x0800112a   0x00000000   Code   RO         2434    .text               c_w.l(indicate_semi.o)
    0x0800112a   0x0800112a   0x00000002   PAD
    0x0800112c   0x0800112c   0x00000008   Code   RO         2442    .text               c_w.l(rt_heap_descriptor_intlibspace.o)
    0x08001134   0x08001134   0x00000004   Code   RO         2444    .text               c_w.l(hguard.o)
    0x08001138   0x08001138   0x0000008a   Code   RO         2446    .text               c_w.l(init_alloc.o)
    0x080011c2   0x080011c2   0x0000005e   Code   RO         2452    .text               c_w.l(h1_alloc.o)
    0x08001220   0x08001220   0x000000f8   Code   RO         2468    .text               c_w.l(fseek.o)
    0x08001318   0x08001318   0x000000f0   Code   RO         2470    .text               c_w.l(stdio.o)
    0x08001408   0x08001408   0x0000000a   Code   RO         2476    .text               c_w.l(defsig_exit.o)
    0x08001412   0x08001412   0x00000002   PAD
    0x08001414   0x08001414   0x00000034   Code   RO         2478    .text               c_w.l(defsig_rtred_inner.o)
    0x08001448   0x08001448   0x0000000c   Code   RO         2488    .text               c_w.l(sys_exit.o)
    0x08001454   0x08001454   0x0000000e   Code   RO         2499    .text               c_w.l(h1_init.o)
    0x08001462   0x08001462   0x00000034   Code   RO         2501    .text               c_w.l(h1_extend.o)
    0x08001496   0x08001496   0x00000042   Code   RO         2511    .text               c_w.l(ftell.o)
    0x080014d8   0x080014d8   0x00000032   Code   RO         2519    .text               c_w.l(defsig_general.o)
    0x0800150a   0x0800150a   0x0000000e   Code   RO         2521    .text               c_w.l(defsig_rtmem_outer.o)
    0x08001518   0x08001518   0x0000000e   Code   RO         2536    .text               c_w.l(sys_wrch.o)
    0x08001526   0x08001526   0x00000002   PAD
    0x08001528   0x08001528   0x00000050   Code   RO         2544    .text               c_w.l(defsig_rtmem_inner.o)
    0x08001578   0x08001578   0x0000003e   Code   RO         2229    CL$$btod_d2e        c_w.l(btod.o)
    0x080015b6   0x080015b6   0x00000046   Code   RO         2231    CL$$btod_d2e_denorm_low  c_w.l(btod.o)
    0x080015fc   0x080015fc   0x00000060   Code   RO         2230    CL$$btod_d2e_norm_op1  c_w.l(btod.o)
    0x0800165c   0x0800165c   0x00000338   Code   RO         2239    CL$$btod_div_common  c_w.l(btod.o)
    0x08001994   0x08001994   0x000000dc   Code   RO         2236    CL$$btod_e2e        c_w.l(btod.o)
    0x08001a70   0x08001a70   0x0000002a   Code   RO         2233    CL$$btod_ediv       c_w.l(btod.o)
    0x08001a9a   0x08001a9a   0x0000002a   Code   RO         2232    CL$$btod_emul       c_w.l(btod.o)
    0x08001ac4   0x08001ac4   0x00000244   Code   RO         2238    CL$$btod_mult_common  c_w.l(btod.o)
    0x08001d08   0x08001d08   0x0000008c   Code   RO           13    i.ACS712_Calibrate  main.o
    0x08001d94   0x08001d94   0x00000056   Code   RO          420    i.ADC_ConversionStop_Disable  stm32f1xx_hal_adc.o
    0x08001dea   0x08001dea   0x00000002   PAD
    0x08001dec   0x08001dec   0x0000007c   Code   RO          424    i.ADC_Enable        stm32f1xx_hal_adc.o
    0x08001e68   0x08001e68   0x00000028   Code   RO           14    i.ADC_Read          main.o
    0x08001e90   0x08001e90   0x00000002   Code   RO          247    i.BusFault_Handler  stm32f1xx_it.o
    0x08001e92   0x08001e92   0x00000002   PAD
    0x08001e94   0x08001e94   0x0000002c   Code   RO           16    i.Calculate_Power   main.o
    0x08001ec0   0x08001ec0   0x0000000c   Code   RO          248    i.DMA1_Channel5_IRQHandler  stm32f1xx_it.o
    0x08001ecc   0x08001ecc   0x00000002   Code   RO          249    i.DebugMon_Handler  stm32f1xx_it.o
    0x08001ece   0x08001ece   0x00000004   Code   RO           17    i.Error_Handler     main.o
    0x08001ed2   0x08001ed2   0x00000002   PAD
    0x08001ed4   0x08001ed4   0x000000fc   Code   RO          426    i.HAL_ADC_ConfigChannel  stm32f1xx_hal_adc.o
    0x08001fd0   0x08001fd0   0x00000006   Code   RO          433    i.HAL_ADC_GetValue  stm32f1xx_hal_adc.o
    0x08001fd6   0x08001fd6   0x00000002   PAD
    0x08001fd8   0x08001fd8   0x0000011c   Code   RO          435    i.HAL_ADC_Init      stm32f1xx_hal_adc.o
    0x080020f4   0x080020f4   0x00000058   Code   RO          336    i.HAL_ADC_MspInit   stm32f1xx_hal_msp.o
    0x0800214c   0x0800214c   0x0000013c   Code   RO          439    i.HAL_ADC_PollForConversion  stm32f1xx_hal_adc.o
    0x08002288   0x08002288   0x000000c0   Code   RO          441    i.HAL_ADC_Start     stm32f1xx_hal_adc.o
    0x08002348   0x08002348   0x00000034   Code   RO          444    i.HAL_ADC_Stop      stm32f1xx_hal_adc.o
    0x0800237c   0x0800237c   0x00000046   Code   RO         1077    i.HAL_DMA_Abort     stm32f1xx_hal_dma.o
    0x080023c2   0x080023c2   0x00000002   PAD
    0x080023c4   0x080023c4   0x00000098   Code   RO         1078    i.HAL_DMA_Abort_IT  stm32f1xx_hal_dma.o
    0x0800245c   0x0800245c   0x00000154   Code   RO         1082    i.HAL_DMA_IRQHandler  stm32f1xx_hal_dma.o
    0x080025b0   0x080025b0   0x0000005c   Code   RO         1083    i.HAL_DMA_Init      stm32f1xx_hal_dma.o
    0x0800260c   0x0800260c   0x00000024   Code   RO          703    i.HAL_Delay         stm32f1xx_hal.o
    0x08002630   0x08002630   0x000001e0   Code   RO         1013    i.HAL_GPIO_Init     stm32f1xx_hal_gpio.o
    0x08002810   0x08002810   0x0000000a   Code   RO         1017    i.HAL_GPIO_WritePin  stm32f1xx_hal_gpio.o
    0x0800281a   0x0800281a   0x00000002   PAD
    0x0800281c   0x0800281c   0x0000000c   Code   RO          707    i.HAL_GetTick       stm32f1xx_hal.o
    0x08002828   0x08002828   0x00000010   Code   RO          713    i.HAL_IncTick       stm32f1xx_hal.o
    0x08002838   0x08002838   0x00000024   Code   RO          714    i.HAL_Init          stm32f1xx_hal.o
    0x0800285c   0x0800285c   0x00000040   Code   RO          715    i.HAL_InitTick      stm32f1xx_hal.o
    0x0800289c   0x0800289c   0x0000003c   Code   RO          337    i.HAL_MspInit       stm32f1xx_hal_msp.o
    0x080028d8   0x080028d8   0x0000001a   Code   RO         1173    i.HAL_NVIC_EnableIRQ  stm32f1xx_hal_cortex.o
    0x080028f2   0x080028f2   0x00000002   PAD
    0x080028f4   0x080028f4   0x00000040   Code   RO         1179    i.HAL_NVIC_SetPriority  stm32f1xx_hal_cortex.o
    0x08002934   0x08002934   0x00000024   Code   RO         1180    i.HAL_NVIC_SetPriorityGrouping  stm32f1xx_hal_cortex.o
    0x08002958   0x08002958   0x000000a4   Code   RO          974    i.HAL_RCCEx_GetPeriphCLKFreq  stm32f1xx_hal_rcc_ex.o
    0x080029fc   0x080029fc   0x000000ec   Code   RO          975    i.HAL_RCCEx_PeriphCLKConfig  stm32f1xx_hal_rcc_ex.o
    0x08002ae8   0x08002ae8   0x0000012c   Code   RO          871    i.HAL_RCC_ClockConfig  stm32f1xx_hal_rcc.o
    0x08002c14   0x08002c14   0x00000020   Code   RO          878    i.HAL_RCC_GetPCLK1Freq  stm32f1xx_hal_rcc.o
    0x08002c34   0x08002c34   0x00000020   Code   RO          879    i.HAL_RCC_GetPCLK2Freq  stm32f1xx_hal_rcc.o
    0x08002c54   0x08002c54   0x0000004c   Code   RO          880    i.HAL_RCC_GetSysClockFreq  stm32f1xx_hal_rcc.o
    0x08002ca0   0x08002ca0   0x00000320   Code   RO          883    i.HAL_RCC_OscConfig  stm32f1xx_hal_rcc.o
    0x08002fc0   0x08002fc0   0x00000028   Code   RO         1184    i.HAL_SYSTICK_Config  stm32f1xx_hal_cortex.o
    0x08002fe8   0x08002fe8   0x00000002   Code   RO         1685    i.HAL_UARTEx_RxEventCallback  stm32f1xx_hal_uart.o
    0x08002fea   0x08002fea   0x00000002   Code   RO         1699    i.HAL_UART_ErrorCallback  stm32f1xx_hal_uart.o
    0x08002fec   0x08002fec   0x0000026c   Code   RO         1702    i.HAL_UART_IRQHandler  stm32f1xx_hal_uart.o
    0x08003258   0x08003258   0x00000064   Code   RO         1703    i.HAL_UART_Init     stm32f1xx_hal_uart.o
    0x080032bc   0x080032bc   0x000000b0   Code   RO          339    i.HAL_UART_MspInit  stm32f1xx_hal_msp.o
    0x0800336c   0x0800336c   0x00000002   Code   RO         1709    i.HAL_UART_RxCpltCallback  stm32f1xx_hal_uart.o
    0x0800336e   0x0800336e   0x000000a0   Code   RO         1711    i.HAL_UART_Transmit  stm32f1xx_hal_uart.o
    0x0800340e   0x0800340e   0x00000002   Code   RO         1714    i.HAL_UART_TxCpltCallback  stm32f1xx_hal_uart.o
    0x08003410   0x08003410   0x00000002   Code   RO          250    i.HardFault_Handler  stm32f1xx_it.o
    0x08003412   0x08003412   0x00000002   PAD
    0x08003414   0x08003414   0x00000050   Code   RO           19    i.MX_ADC1_Init      main.o
    0x08003464   0x08003464   0x00000070   Code   RO           20    i.MX_GPIO_Init      main.o
    0x080034d4   0x080034d4   0x00000002   Code   RO          251    i.MemManage_Handler  stm32f1xx_it.o
    0x080034d6   0x080034d6   0x00000002   Code   RO          252    i.NMI_Handler       stm32f1xx_it.o
    0x080034d8   0x080034d8   0x00000002   Code   RO          253    i.PendSV_Handler    stm32f1xx_it.o
    0x080034da   0x080034da   0x00000002   PAD
    0x080034dc   0x080034dc   0x000000c4   Code   RO           21    i.Read_AC           main.o
    0x080035a0   0x080035a0   0x00000002   Code   RO          254    i.SVC_Handler       stm32f1xx_it.o
    0x080035a2   0x080035a2   0x00000002   PAD
    0x080035a4   0x080035a4   0x00000048   Code   RO           23    i.Send_AC           main.o
    0x080035ec   0x080035ec   0x00000048   Code   RO           24    i.Send_AC_POWER     main.o
    0x08003634   0x08003634   0x00000004   Code   RO          255    i.SysTick_Handler   stm32f1xx_it.o
    0x08003638   0x08003638   0x00000078   Code   RO           29    i.SystemClock_Config  main.o
    0x080036b0   0x080036b0   0x00000002   Code   RO         2037    i.SystemInit        system_stm32f1xx.o
    0x080036b2   0x080036b2   0x00000010   Code   RO         1716    i.UART_DMAAbortOnError  stm32f1xx_hal_uart.o
    0x080036c2   0x080036c2   0x0000004e   Code   RO         1726    i.UART_EndRxTransfer  stm32f1xx_hal_uart.o
    0x08003710   0x08003710   0x000000c2   Code   RO         1728    i.UART_Receive_IT   stm32f1xx_hal_uart.o
    0x080037d2   0x080037d2   0x00000002   PAD
    0x080037d4   0x080037d4   0x000000b8   Code   RO         1729    i.UART_SetConfig    stm32f1xx_hal_uart.o
    0x0800388c   0x0800388c   0x00000072   Code   RO         1732    i.UART_WaitOnFlagUntilTimeout  stm32f1xx_hal_uart.o
    0x080038fe   0x080038fe   0x00000002   PAD
    0x08003900   0x08003900   0x0000000c   Code   RO          256    i.USART1_IRQHandler  stm32f1xx_it.o
    0x0800390c   0x0800390c   0x00000002   Code   RO          257    i.UsageFault_Handler  stm32f1xx_it.o
    0x0800390e   0x0800390e   0x00000028   Code   RO         2272    i.__ARM_fpclassify  m_ws.l(fpclassify.o)
    0x08003936   0x08003936   0x00000020   Code   RO         1186    i.__NVIC_SetPriority  stm32f1xx_hal_cortex.o
    0x08003956   0x08003956   0x0000000e   Code   RO         2097    i._is_digit         c_w.l(__printf_wp.o)
    0x08003964   0x08003964   0x0000001a   Code   RO         2254    i.fputc             c_w.l(fputc.o)
    0x0800397e   0x0800397e   0x00000002   PAD
    0x08003980   0x08003980   0x00000090   Code   RO           31    i.main              main.o
    0x08003a10   0x08003a10   0x0000004c   Code   RO         2155    i.sqrt              m_ws.l(sqrt.o)
    0x08003a5c   0x08003a5c   0x0000002c   Code   RO         2266    locale$$code        c_w.l(lc_numeric_c.o)
    0x08003a88   0x08003a88   0x00000062   Code   RO         2118    x$fpl$d2f           fz_ws.l(d2f.o)
    0x08003aea   0x08003aea   0x00000002   PAD
    0x08003aec   0x08003aec   0x000002b0   Code   RO         2121    x$fpl$ddiv          fz_ws.l(ddiv.o)
    0x08003d9c   0x08003d9c   0x00000026   Code   RO         2124    x$fpl$dfltu         fz_ws.l(dflt_clz.o)
    0x08003dc2   0x08003dc2   0x00000002   PAD
    0x08003dc4   0x08003dc4   0x00000154   Code   RO         2130    x$fpl$dmul          fz_ws.l(dmul.o)
    0x08003f18   0x08003f18   0x0000009c   Code   RO         2184    x$fpl$dnaninf       fz_ws.l(dnaninf.o)
    0x08003fb4   0x08003fb4   0x0000000c   Code   RO         2186    x$fpl$dretinf       fz_ws.l(dretinf.o)
    0x08003fc0   0x08003fc0   0x000001cc   Code   RO         2188    x$fpl$dsqrt         fz_ws.l(dsqrt_noumaal.o)
    0x0800418c   0x0800418c   0x00000056   Code   RO         2132    x$fpl$f2d           fz_ws.l(f2d.o)
    0x080041e2   0x080041e2   0x00000002   PAD
    0x080041e4   0x080041e4   0x000000c4   Code   RO         2134    x$fpl$fadd          fz_ws.l(faddsub_clz.o)
    0x080042a8   0x080042a8   0x00000184   Code   RO         2141    x$fpl$fdiv          fz_ws.l(fdiv.o)
    0x0800442c   0x0800442c   0x00000102   Code   RO         2150    x$fpl$fmul          fz_ws.l(fmul.o)
    0x0800452e   0x0800452e   0x0000008c   Code   RO         2190    x$fpl$fnaninf       fz_ws.l(fnaninf.o)
    0x080045ba   0x080045ba   0x0000000a   Code   RO         2192    x$fpl$fretinf       fz_ws.l(fretinf.o)
    0x080045c4   0x080045c4   0x000000ea   Code   RO         2136    x$fpl$fsub          fz_ws.l(faddsub_clz.o)
    0x080046ae   0x080046ae   0x00000004   Code   RO         2152    x$fpl$printf1       fz_ws.l(printf1.o)
    0x080046b2   0x080046b2   0x00000000   Code   RO         2194    x$fpl$usenofp       fz_ws.l(usenofp.o)
    0x080046b2   0x080046b2   0x00000012   Data   RO          884    .constdata          stm32f1xx_hal_rcc.o
    0x080046c4   0x080046c4   0x00000012   Data   RO          976    .constdata          stm32f1xx_hal_rcc_ex.o
    0x080046d6   0x080046d6   0x00000010   Data   RO         2038    .constdata          system_stm32f1xx.o
    0x080046e6   0x080046e6   0x00000008   Data   RO         2039    .constdata          system_stm32f1xx.o
    0x080046ee   0x080046ee   0x00000002   PAD
    0x080046f0   0x080046f0   0x00000094   Data   RO         2227    .constdata          c_w.l(bigflt0.o)
    0x08004784   0x08004784   0x00000004   Data   RO         2275    .constdata          c_w.l(sys_io.o)
    0x08004788   0x08004788   0x00000004   Data   RO         2276    .constdata          c_w.l(sys_io.o)
    0x0800478c   0x0800478c   0x00000004   Data   RO         2277    .constdata          c_w.l(sys_io.o)
    0x08004790   0x08004790   0x00000020   Data   RO         2569    Region$$Table       anon$$obj.o
    0x080047b0   0x080047b0   0x0000001c   Data   RO         2265    locale$$data        c_w.l(lc_numeric_c.o)


    Execution Region RW_IRAM1 (Exec base: 0x20000000, Load base: 0x080047cc, Size: 0x00000840, Max: 0x00005000, ABSOLUTE)

    Exec Addr    Load Addr    Size         Type   Attr      Idx    E Section Name        Object

    0x20000000   0x080047cc   0x0000000c   Data   RW           35    .data               main.o
    0x2000000c   0x080047d8   0x0000000c   Data   RW          721    .data               stm32f1xx_hal.o
    0x20000018   0x080047e4   0x00000004   Data   RW         2040    .data               system_stm32f1xx.o
    0x2000001c   0x080047e8   0x00000004   Data   RW         2179    .data               c_w.l(stdio_streams.o)
    0x20000020   0x080047ec   0x00000004   Data   RW         2180    .data               c_w.l(stdio_streams.o)
    0x20000024   0x080047f0   0x00000004   Data   RW         2181    .data               c_w.l(stdio_streams.o)
    0x20000028        -       0x00000078   Zero   RW           32    .bss                main.o
    0x200000a0        -       0x00000044   Zero   RW           33    .bss                main.o
    0x200000e4        -       0x00000054   Zero   RW         2176    .bss                c_w.l(stdio_streams.o)
    0x20000138        -       0x00000054   Zero   RW         2177    .bss                c_w.l(stdio_streams.o)
    0x2000018c        -       0x00000054   Zero   RW         2178    .bss                c_w.l(stdio_streams.o)
    0x200001e0        -       0x00000060   Zero   RW         2280    .bss                c_w.l(libspace.o)
    0x20000240        -       0x00000200   Zero   RW            2    HEAP                startup_stm32f103xb.o
    0x20000440        -       0x00000400   Zero   RW            1    STACK               startup_stm32f103xb.o


==============================================================================

Image component sizes


      Code (inc. data)   RO Data    RW Data    ZI Data      Debug   Object Name

      1024        176          0         12        188     415649   main.o
        64         26        236          0       1536        800   startup_stm32f103xb.o
       164         28          0         12          0       5825   stm32f1xx_hal.o
      1312         54          0          0          0       7151   stm32f1xx_hal_adc.o
       198         14          0          0          0      28903   stm32f1xx_hal_cortex.o
       654         36          0          0          0       3343   stm32f1xx_hal_dma.o
       490         34          0          0          0       2860   stm32f1xx_hal_gpio.o
       324         42          0          0          0       2320   stm32f1xx_hal_msp.o
      1240         84         18          0          0       5064   stm32f1xx_hal_rcc.o
       400         28         18          0          0       2441   stm32f1xx_hal_rcc_ex.o
      1474         10          0          0          0       9964   stm32f1xx_hal_uart.o
        44         12          0          0          0       4657   stm32f1xx_it.o
         2          0         24          4          0       1091   system_stm32f1xx.o

    ----------------------------------------------------------------------
      7414        544        330         28       1724     490068   Object Totals
         0          0         32          0          0          0   (incl. Generated)
        24          0          2          0          0          0   (incl. Padding)

    ----------------------------------------------------------------------

      Code (inc. data)   RO Data    RW Data    ZI Data      Debug   Library Member Name

         8          0          0          0          0         68   __main.o
       284          0          0          0          0        156   __printf_wp.o
         0          0          0          0          0          0   __rtentry.o
        12          0          0          0          0          0   __rtentry2.o
         6          0          0          0          0          0   __rtentry4.o
        52          8          0          0          0          0   __scatter.o
        26          0          0          0          0          0   __scatter_copy.o
        28          0          0          0          0          0   __scatter_zi.o
        44          0          0          0          0        108   _printf_char.o
        48          6          0          0          0         96   _printf_char_common.o
        36          4          0          0          0         80   _printf_char_file.o
         6          0          0          0          0          0   _printf_f.o
      1054          0          0          0          0        216   _printf_fp_dec.o
       128         16          0          0          0         84   _printf_fp_infnan.o
         0          0          0          0          0          0   _printf_percent.o
         4          0          0          0          0          0   _printf_percent_end.o
         6          0          0          0          0          0   _printf_s.o
        82          0          0          0          0         80   _printf_str.o
        22          0          0          0          0        100   _rserrno.o
        10          0          0          0          0         68   _sputc.o
       228          4        148          0          0         96   bigflt0.o
      1936        128          0          0          0        672   btod.o
        10          0          0          0          0         68   defsig_exit.o
        50          0          0          0          0         88   defsig_general.o
        80         58          0          0          0         76   defsig_rtmem_inner.o
        14          0          0          0          0         80   defsig_rtmem_outer.o
        52         38          0          0          0         76   defsig_rtred_inner.o
        14          0          0          0          0         80   defsig_rtred_outer.o
        18          0          0          0          0         80   exit.o
        76          0          0          0          0         88   fclose.o
         8          0          0          0          0         68   ferror.o
       470          0          0          0          0         88   flsbuf.o
       236          4          0          0          0        128   fopen.o
        26          0          0          0          0         68   fputc.o
       248          6          0          0          0         84   fseek.o
        66          0          0          0          0         76   ftell.o
        94          0          0          0          0         80   h1_alloc.o
        52          0          0          0          0         68   h1_extend.o
        78          0          0          0          0         80   h1_free.o
        14          0          0          0          0         84   h1_init.o
         6          0          0          0          0        152   heapauxi.o
         4          0          0          0          0        136   hguard.o
         0          0          0          0          0          0   indicate_semi.o
       138          0          0          0          0        168   init_alloc.o
       312         46          0          0          0        112   initio.o
        44         10         28          0          0         76   lc_numeric_c.o
         2          0          0          0          0          0   libinit.o
        30          0          0          0          0          0   libinit2.o
         2          0          0          0          0          0   libshutdown.o
         6          0          0          0          0          0   libshutdown2.o
         8          4          0          0         96         68   libspace.o
       138          0          0          0          0         80   lludiv10.o
         0          0          0          0          0          0   maybetermalloc1.o
        24          4          0          0          0         84   noretval__2printf.o
        40          6          0          0          0         84   noretval__2sprintf.o
         8          4          0          0          0         68   rt_errno_addr_intlibspace.o
         8          4          0          0          0         68   rt_heap_descriptor_intlibspace.o
         8          4          0          0          0         68   rt_locale_intlibspace.o
        78          0          0          0          0         80   rt_memclr_w.o
         2          0          0          0          0          0   rtexit.o
        10          0          0          0          0          0   rtexit2.o
        70          0          0          0          0         80   setvbuf.o
       240          6          0          0          0        156   stdio.o
         0          0          0         12        252          0   stdio_streams.o
       128          0          0          0          0         68   strcmpv7m.o
        62          0          0          0          0         76   strlen.o
        12          4          0          0          0         68   sys_exit.o
       102          0         12          0          0        240   sys_io.o
        74          0          0          0          0         80   sys_stackheap_outer.o
        14          0          0          0          0         76   sys_wrch.o
         2          0          0          0          0         68   use_no_semi.o
        98          4          0          0          0         92   d2f.o
       688        140          0          0          0        208   ddiv.o
        38          0          0          0          0         68   dflt_clz.o
       340         12          0          0          0        104   dmul.o
       156          4          0          0          0         92   dnaninf.o
        12          0          0          0          0         68   dretinf.o
       460         56          0          0          0        120   dsqrt_noumaal.o
        86          4          0          0          0         84   f2d.o
       430          8          0          0          0        168   faddsub_clz.o
       388         76          0          0          0         96   fdiv.o
       258          4          0          0          0         84   fmul.o
       140          4          0          0          0         84   fnaninf.o
        10          0          0          0          0         68   fretinf.o
         4          0          0          0          0         68   printf1.o
         0          0          0          0          0          0   usenofp.o
        40          0          0          0          0         68   fpclassify.o
        76          0          0          0          0         84   sqrt.o

    ----------------------------------------------------------------------
     10448        676        188         12        348       6996   Library Totals
        26          0          0          0          0          0   (incl. Padding)

    ----------------------------------------------------------------------

      Code (inc. data)   RO Data    RW Data    ZI Data      Debug   Library Name

      7198        364        188         12        348       5440   c_w.l
      3108        312          0          0          0       1404   fz_ws.l
       116          0          0          0          0        152   m_ws.l

    ----------------------------------------------------------------------
     10448        676        188         12        348       6996   Library Totals

    ----------------------------------------------------------------------

==============================================================================


      Code (inc. data)   RO Data    RW Data    ZI Data      Debug   

     17862       1220        518         40       2072     489832   Grand Totals
     17862       1220        518         40       2072     489832   ELF Image Totals
     17862       1220        518         40          0          0   ROM Totals

==============================================================================

    Total RO  Size (Code + RO Data)                18380 (  17.95kB)
    Total RW  Size (RW Data + ZI Data)              2112 (   2.06kB)
    Total ROM Size (Code + RO Data + RW Data)      18420 (  17.99kB)

==============================================================================

