../Core/Src/main.c:82:6:Send_Data	120	static
../Core/Src/main.c:108:6:Process_Data	16	static
../Core/Src/main.c:142:6:UART_Start_DMA	8	static
../Core/Src/main.c:157:5:main	16	static
../Core/Src/main.c:224:6:SystemClock_Config	72	static
../Core/Src/main.c:261:13:MX_I2C1_Init	8	static
../Core/Src/main.c:293:13:MX_TIM4_Init	32	static
../Core/Src/main.c:335:13:MX_USART1_UART_Init	8	static
../Core/Src/main.c:364:13:MX_DMA_Init	16	static
../Core/Src/main.c:381:13:MX_GPIO_Init	40	static
../Core/Src/main.c:419:6:HAL_UARTEx_RxEventCallback	16	static
../Core/Src/main.c:438:6:Error_Handler	4	static,ignoring_inline_asm
