../Core/Src/main.c:99:6:Send_Data	120	static
../Core/Src/main.c:145:6:Process_Data	144	static
../Core/Src/main.c:223:6:UART_Start_DMA	8	static
../Core/Src/main.c:238:5:main	16	static
../Core/Src/main.c:307:6:SystemClock_Config	72	static
../Core/Src/main.c:344:13:MX_I2C1_Init	8	static
../Core/Src/main.c:376:13:MX_TIM4_Init	32	static
../Core/Src/main.c:418:13:MX_USART1_UART_Init	8	static
../Core/Src/main.c:447:13:MX_DMA_Init	16	static
../Core/Src/main.c:464:13:MX_GPIO_Init	40	static
../Core/Src/main.c:502:6:HAL_UARTEx_RxEventCallback	16	static
../Core/Src/main.c:521:6:Error_Handler	4	static,ignoring_inline_asm
